
  [32m[1mVITE[22m v5.4.21[39m  [2mready in [0m[1m953[22m[2m[0m ms[22m

  [32m➜[39m  [1mLocal[22m:   [36mhttp://127.0.0.1:[1m3000[22m/[39m
node.exe : DEPRECATION WARNING [legacy-js-api]: The legacy JS API is deprecated and will be removed in Dart Sass 2.0.0.
At line:15 char:3584
+ ... yContinue ; & "C:\Program Files\nodejs\node.exe" node_modules/vite/bi ...
+                 ~~~~~~~~~~~~~~~~~~~~~~~~~~~~~~~~~~~~~~~~~~~~~~~~~~~~~~~~~
    + CategoryInfo          : NotSpecified: (DEPRECATION WAR...art Sass 2.0.0.:String) [], RemoteException
    + FullyQualifiedErrorId : NativeCommandError
 

More info: https://sass-lang.com/d/legacy-js-api

DEPRECATION WARNING [legacy-js-api]: The legacy JS API is deprecated and will be removed in Dart Sass 2.0.0.

More info: https://sass-lang.com/d/legacy-js-api

DEPRECATION WARNING [legacy-js-api]: The legacy JS API is deprecated and will be removed in Dart Sass 2.0.0.

More info: https://sass-lang.com/d/legacy-js-api

[2m08:47:44[22m [31m[1m[vite][22m[39m [31mhttp proxy error: /api/v1/task/statistics?userId=1[39m
AggregateError [ECONNREFUSED]: 
    at internalConnectMultiple (node:net:1339:18)
    at afterConnectMultiple (node:net:1942:7)
[2m08:47:44[22m [31m[1m[vite][22m[39m [31mhttp proxy error: /api/v1/task/page?assigneeId=1&taskStatus=0&pageNum=
1&pageSize=5[39m
AggregateError [ECONNREFUSED]: 
    at internalConnectMultiple (node:net:1339:18)
    at afterConnectMultiple (node:net:1942:7)
[2m08:47:44[22m [31m[1m[vite][22m[39m [31mhttp proxy error: /api/v1/task/statistics?userId=1[39m
AggregateError [ECONNREFUSED]: 
    at internalConnectMultiple (node:net:1339:18)
    at afterConnectMultiple (node:net:1942:7)
[2m08:47:50[22m [31m[1m[vite][22m[39m [31mhttp proxy error: /api/v1/task/statistics?userId=1[39m
AggregateError [ECONNREFUSED]: 
    at internalConnectMultiple (node:net:1339:18)
    at afterConnectMultiple (node:net:1942:7)
[2m08:47:50[22m [31m[1m[vite][22m[39m [31mhttp proxy error: /api/v1/task/page?assigneeId=1&taskStatus=0&pageNum=
1&pageSize=5[39m
AggregateError [ECONNREFUSED]: 
    at internalConnectMultiple (node:net:1339:18)
    at afterConnectMultiple (node:net:1942:7)
[2m08:47:50[22m [31m[1m[vite][22m[39m [31mhttp proxy error: /api/v1/task/statistics?userId=1[39m
AggregateError [ECONNREFUSED]: 
    at internalConnectMultiple (node:net:1339:18)
    at afterConnectMultiple (node:net:1942:7)
[2m08:52:52[22m [31m[1m[vite][22m[39m [31mhttp proxy error: /api/v1/task/statistics?userId=1[39m
AggregateError [ECONNREFUSED]: 
    at internalConnectMultiple (node:net:1339:18)
    at afterConnectMultiple (node:net:1942:7)
[2m08:52:52[22m [31m[1m[vite][22m[39m [31mhttp proxy error: /api/v1/task/page?assigneeId=1&taskStatus=0&pageNum=
1&pageSize=5[39m
AggregateError [ECONNREFUSED]: 
    at internalConnectMultiple (node:net:1339:18)
    at afterConnectMultiple (node:net:1942:7)
[2m08:52:52[22m [31m[1m[vite][22m[39m [31mhttp proxy error: /api/v1/task/statistics?userId=1[39m
AggregateError [ECONNREFUSED]: 
    at internalConnectMultiple (node:net:1339:18)
    at afterConnectMultiple (node:net:1942:7)
DEPRECATION WARNING [legacy-js-api]: The legacy JS API is deprecated and will be removed in Dart Sass 2.0.0.

More info: https://sass-lang.com/d/legacy-js-api

[2m08:53:11[22m [36m[1m[vite][22m[39m [32m✨ new dependencies optimized: [33melement-plus/es/components/pagination/style/css, element-plus/es/components/form/style/css, element-plus/es/components/select/style/css, element-plus/es/components/option/style/css, element-plus/es/components/form-item/style/css, element-plus/es/components/input/style/css[32m[39m
[2m08:53:11[22m [36m[1m[vite][22m[39m [32m✨ optimized dependencies changed. reloading[39m
DEPRECATION WARNING [legacy-js-api]: The legacy JS API is deprecated and will be removed in Dart Sass 2.0.0.

More info: https://sass-lang.com/d/legacy-js-api

DEPRECATION WARNING [legacy-js-api]: The legacy JS API is deprecated and will be removed in Dart Sass 2.0.0.

More info: https://sass-lang.com/d/legacy-js-api

DEPRECATION WARNING [legacy-js-api]: The legacy JS API is deprecated and will be removed in Dart Sass 2.0.0.

More info: https://sass-lang.com/d/legacy-js-api

DEPRECATION WARNING [legacy-js-api]: The legacy JS API is deprecated and will be removed in Dart Sass 2.0.0.

More info: https://sass-lang.com/d/legacy-js-api

DEPRECATION WARNING [legacy-js-api]: The legacy JS API is deprecated and will be removed in Dart Sass 2.0.0.

More info: https://sass-lang.com/d/legacy-js-api

[2m08:53:13[22m [31m[1m[vite][22m[39m [31mhttp proxy error: /api/v1/task/statistics?userId=1[39m
AggregateError [ECONNREFUSED]: 
    at internalConnectMultiple (node:net:1339:18)
    at afterConnectMultiple (node:net:1942:7)
[2m08:53:13[22m [31m[1m[vite][22m[39m [31mhttp proxy error: /api/v1/task/page?assigneeId=1&taskStatus=0&pageNum=
1&pageSize=5[39m
AggregateError [ECONNREFUSED]: 
    at internalConnectMultiple (node:net:1339:18)
    at afterConnectMultiple (node:net:1942:7)
[2m08:53:13[22m [31m[1m[vite][22m[39m [31mhttp proxy error: /api/v1/task/statistics?userId=1[39m
AggregateError [ECONNREFUSED]: 
    at internalConnectMultiple (node:net:1339:18)
    at afterConnectMultiple (node:net:1942:7)
[2m08:53:13[22m [31m[1m[vite][22m[39m [31mhttp proxy error: /api/v1/task/statistics?userId=1[39m
AggregateError [ECONNREFUSED]: 
    at internalConnectMultiple (node:net:1339:18)
    at afterConnectMultiple (node:net:1942:7)
[2m08:53:13[22m [31m[1m[vite][22m[39m [31mhttp proxy error: /api/v1/task/page?assigneeId=1&taskStatus=0&pageNum=
1&pageSize=5[39m
AggregateError [ECONNREFUSED]: 
    at internalConnectMultiple (node:net:1339:18)
    at afterConnectMultiple (node:net:1942:7)
[2m08:53:13[22m [31m[1m[vite][22m[39m [31mhttp proxy error: /api/v1/task/statistics?userId=1[39m
AggregateError [ECONNREFUSED]: 
    at internalConnectMultiple (node:net:1339:18)
    at afterConnectMultiple (node:net:1942:7)
[2m08:59:30[22m [36m[1m[vite][22m[39m [32mhmr update [39m[2m/src/views/qms/Iqc.vue[22m
[2m09:00:24[22m [36m[1m[vite][22m[39m [32mhmr update [39m[2m/src/views/qms/Iqc.vue[22m
[2m09:01:08[22m [36m[1m[vite][22m[39m [32mhmr update [39m[2m/src/views/qms/Iqc.vue?vue&type=style&index=0&scoped=cdab552a&lang.scss[22m
[2m09:01:34[22m [31m[1m[vite][22m[39m [31mhttp proxy error: /api/v1/task/statistics?userId=1[39m
AggregateError [ECONNREFUSED]: 
    at internalConnectMultiple (node:net:1339:18)
    at afterConnectMultiple (node:net:1942:7)
[2m09:01:34[22m [31m[1m[vite][22m[39m [31mhttp proxy error: /api/v1/task/page?assigneeId=1&taskStatus=0&pageNum=
1&pageSize=5[39m
AggregateError [ECONNREFUSED]: 
    at internalConnectMultiple (node:net:1339:18)
    at afterConnectMultiple (node:net:1942:7)
[2m09:01:34[22m [31m[1m[vite][22m[39m [31mhttp proxy error: /api/v1/task/statistics?userId=1[39m
AggregateError [ECONNREFUSED]: 
    at internalConnectMultiple (node:net:1339:18)
    at afterConnectMultiple (node:net:1942:7)
DEPRECATION WARNING [legacy-js-api]: The legacy JS API is deprecated and will be removed in Dart Sass 2.0.0.

More info: https://sass-lang.com/d/legacy-js-api

[2m09:02:36[22m [36m[1m[vite][22m[39m [32m✨ new dependencies optimized: [33melement-plus/es/components/button-group/style/css, element-plus/es/components/tooltip/style/css[32m[39m
[2m09:02:36[22m [36m[1m[vite][22m[39m [32m✨ optimized dependencies changed. reloading[39m
[2m09:02:37[22m [31m[1m[vite][22m[39m [31mhttp proxy error: /api/v1/task/statistics?userId=1[39m
AggregateError [ECONNREFUSED]: 
    at internalConnectMultiple (node:net:1339:18)
    at afterConnectMultiple (node:net:1942:7)
DEPRECATION WARNING [legacy-js-api]: The legacy JS API is deprecated and will be removed in Dart Sass 2.0.0.

More info: https://sass-lang.com/d/legacy-js-api

DEPRECATION WARNING [legacy-js-api]: The legacy JS API is deprecated and will be removed in Dart Sass 2.0.0.

More info: https://sass-lang.com/d/legacy-js-api

DEPRECATION WARNING [legacy-js-api]: The legacy JS API is deprecated and will be removed in Dart Sass 2.0.0.

More info: https://sass-lang.com/d/legacy-js-api

[2m09:02:38[22m [31m[1m[vite][22m[39m [31mhttp proxy error: /api/v1/task/statistics?userId=1[39m
AggregateError [ECONNREFUSED]: 
    at internalConnectMultiple (node:net:1339:18)
    at afterConnectMultiple (node:net:1942:7)
DEPRECATION WARNING [legacy-js-api]: The legacy JS API is deprecated and will be removed in Dart Sass 2.0.0.

More info: https://sass-lang.com/d/legacy-js-api

[2m09:02:38[22m [31m[1m[vite][22m[39m [31mhttp proxy error: /api/v1/task/statistics?userId=1[39m
AggregateError [ECONNREFUSED]: 
    at internalConnectMultiple (node:net:1339:18)
    at afterConnectMultiple (node:net:1942:7)
[2m09:02:38[22m [31m[1m[vite][22m[39m [31mhttp proxy error: /api/v1/task/page?assigneeId=1&taskStatus=0&pageNum=
1&pageSize=5[39m
AggregateError [ECONNREFUSED]: 
    at internalConnectMultiple (node:net:1339:18)
    at afterConnectMultiple (node:net:1942:7)
[2m09:02:38[22m [31m[1m[vite][22m[39m [31mhttp proxy error: /api/v1/task/statistics?userId=1[39m
AggregateError [ECONNREFUSED]: 
    at internalConnectMultiple (node:net:1339:18)
    at afterConnectMultiple (node:net:1942:7)
[2m09:11:33[22m [36m[1m[vite][22m[39m [32mpage reload [39m[2msrc/router/index.ts[22m
[2m09:11:34[22m [31m[1m[vite][22m[39m [31mhttp proxy error: /api/v1/task/statistics?userId=1[39m
AggregateError [ECONNREFUSED]: 
    at internalConnectMultiple (node:net:1339:18)
    at afterConnectMultiple (node:net:1942:7)
[2m09:11:34[22m [31m[1m[vite][22m[39m [31mhttp proxy error: /api/v1/task/page?assigneeId=1&taskStatus=0&pageNum=
1&pageSize=5[39m
AggregateError [ECONNREFUSED]: 
    at internalConnectMultiple (node:net:1339:18)
    at afterConnectMultiple (node:net:1942:7)
[2m09:11:34[22m [31m[1m[vite][22m[39m [31mhttp proxy error: /api/v1/task/statistics?userId=1[39m
AggregateError [ECONNREFUSED]: 
    at internalConnectMultiple (node:net:1339:18)
    at afterConnectMultiple (node:net:1942:7)
[2m09:11:40[22m [36m[1m[vite][22m[39m [32mhmr update [39m[2m/src/layout/index.vue[22m
DEPRECATION WARNING [legacy-js-api]: The legacy JS API is deprecated and will be removed in Dart Sass 2.0.0.

More info: https://sass-lang.com/d/legacy-js-api

DEPRECATION WARNING [legacy-js-api]: The legacy JS API is deprecated and will be removed in Dart Sass 2.0.0.

More info: https://sass-lang.com/d/legacy-js-api

[2m09:16:22[22m [36m[1m[vite][22m[39m [32m✨ new dependencies optimized: [33melement-plus/es/components/dialog/style/css, element-plus/es/components/input-number/style/css, element-plus/es/components/progress/style/css[32m[39m
[2m09:16:22[22m [36m[1m[vite][22m[39m [32m✨ optimized dependencies changed. reloading[39m
DEPRECATION WARNING [legacy-js-api]: The legacy JS API is deprecated and will be removed in Dart Sass 2.0.0.

More info: https://sass-lang.com/d/legacy-js-api

DEPRECATION WARNING [legacy-js-api]: The legacy JS API is deprecated and will be removed in Dart Sass 2.0.0.

More info: https://sass-lang.com/d/legacy-js-api

DEPRECATION WARNING [legacy-js-api]: The legacy JS API is deprecated and will be removed in Dart Sass 2.0.0.

More info: https://sass-lang.com/d/legacy-js-api

DEPRECATION WARNING [legacy-js-api]: The legacy JS API is deprecated and will be removed in Dart Sass 2.0.0.

More info: https://sass-lang.com/d/legacy-js-api

[2m09:16:23[22m [31m[1m[vite][22m[39m [31mhttp proxy error: /api/v1/task/statistics?userId=1[39m
AggregateError [ECONNREFUSED]: 
    at internalConnectMultiple (node:net:1339:18)
    at afterConnectMultiple (node:net:1942:7)
[2m09:16:24[22m [31m[1m[vite][22m[39m [31mhttp proxy error: /api/v1/task/statistics?userId=1[39m
AggregateError [ECONNREFUSED]: 
    at internalConnectMultiple (node:net:1339:18)
    at afterConnectMultiple (node:net:1942:7)
[2m09:16:24[22m [31m[1m[vite][22m[39m [31mhttp proxy error: /api/v1/task/page?assigneeId=1&taskStatus=0&pageNum=
1&pageSize=5[39m
AggregateError [ECONNREFUSED]: 
    at internalConnectMultiple (node:net:1339:18)
    at afterConnectMultiple (node:net:1942:7)
[2m09:16:24[22m [31m[1m[vite][22m[39m [31mhttp proxy error: /api/v1/task/statistics?userId=1[39m
AggregateError [ECONNREFUSED]: 
    at internalConnectMultiple (node:net:1339:18)
    at afterConnectMultiple (node:net:1942:7)
[2m09:18:17[22m [31m[1m[vite][22m[39m [31mhttp proxy error: /api/v1/task/statistics?userId=1[39m
AggregateError [ECONNREFUSED]: 
    at internalConnectMultiple (node:net:1339:18)
    at afterConnectMultiple (node:net:1942:7)
[2m09:18:17[22m [31m[1m[vite][22m[39m [31mhttp proxy error: /api/v1/task/page?assigneeId=1&taskStatus=0&pageNum=
1&pageSize=5[39m
AggregateError [ECONNREFUSED]: 
    at internalConnectMultiple (node:net:1339:18)
    at afterConnectMultiple (node:net:1942:7)
[2m09:18:17[22m [31m[1m[vite][22m[39m [31mhttp proxy error: /api/v1/task/statistics?userId=1[39m
AggregateError [ECONNREFUSED]: 
    at internalConnectMultiple (node:net:1339:18)
    at afterConnectMultiple (node:net:1942:7)
[2m09:18:21[22m [31m[1m[vite][22m[39m [31mhttp proxy error: /api/v1/task/statistics?userId=1[39m
AggregateError [ECONNREFUSED]: 
    at internalConnectMultiple (node:net:1339:18)
    at afterConnectMultiple (node:net:1942:7)
[2m09:18:21[22m [31m[1m[vite][22m[39m [31mhttp proxy error: /api/v1/task/page?assigneeId=1&taskStatus=0&pageNum=
1&pageSize=5[39m
AggregateError [ECONNREFUSED]: 
    at internalConnectMultiple (node:net:1339:18)
    at afterConnectMultiple (node:net:1942:7)
[2m09:18:21[22m [31m[1m[vite][22m[39m [31mhttp proxy error: /api/v1/task/statistics?userId=1[39m
AggregateError [ECONNREFUSED]: 
    at internalConnectMultiple (node:net:1339:18)
    at afterConnectMultiple (node:net:1942:7)
DEPRECATION WARNING [legacy-js-api]: The legacy JS API is deprecated and will be removed in Dart Sass 2.0.0.

More info: https://sass-lang.com/d/legacy-js-api

DEPRECATION WARNING [legacy-js-api]: The legacy JS API is deprecated and will be removed in Dart Sass 2.0.0.

More info: https://sass-lang.com/d/legacy-js-api

DEPRECATION WARNING [legacy-js-api]: The legacy JS API is deprecated and will be removed in Dart Sass 2.0.0.

More info: https://sass-lang.com/d/legacy-js-api

[2m09:20:31[22m [36m[1m[vite][22m[39m [32m✨ new dependencies optimized: [33melement-plus/es/components/loading/style/css, element-plus/es/components/checkbox/style/css, element-plus/es/components/timeline/style/css, element-plus/es/components/timeline-item/style/css, element-plus/es/components/descriptions/style/css, element-plus/es/components/descriptions-item/style/css[32m[39m
[2m09:20:31[22m [36m[1m[vite][22m[39m [32m✨ optimized dependencies changed. reloading[39m
DEPRECATION WARNING [legacy-js-api]: The legacy JS API is deprecated and will be removed in Dart Sass 2.0.0.

More info: https://sass-lang.com/d/legacy-js-api

DEPRECATION WARNING [legacy-js-api]: The legacy JS API is deprecated and will be removed in Dart Sass 2.0.0.

More info: https://sass-lang.com/d/legacy-js-api

DEPRECATION WARNING [legacy-js-api]: The legacy JS API is deprecated and will be removed in Dart Sass 2.0.0.

More info: https://sass-lang.com/d/legacy-js-api

DEPRECATION WARNING [legacy-js-api]: The legacy JS API is deprecated and will be removed in Dart Sass 2.0.0.

More info: https://sass-lang.com/d/legacy-js-api

DEPRECATION WARNING [legacy-js-api]: The legacy JS API is deprecated and will be removed in Dart Sass 2.0.0.

More info: https://sass-lang.com/d/legacy-js-api

[2m09:20:33[22m [31m[1m[vite][22m[39m [31mhttp proxy error: /api/v1/task/statistics?userId=1[39m
AggregateError [ECONNREFUSED]: 
    at internalConnectMultiple (node:net:1339:18)
    at afterConnectMultiple (node:net:1942:7)
[2m09:20:33[22m [31m[1m[vite][22m[39m [31mhttp proxy error: /api/v1/task/statistics?userId=1[39m
AggregateError [ECONNREFUSED]: 
    at internalConnectMultiple (node:net:1339:18)
    at afterConnectMultiple (node:net:1942:7)
[2m09:30:42[22m [36m[1m[vite][22m[39m [32mpage reload [39m[2msrc/router/index.ts[22m
DEPRECATION WARNING [legacy-js-api]: The legacy JS API is deprecated and will be removed in Dart Sass 2.0.0.

More info: https://sass-lang.com/d/legacy-js-api

[2m09:30:43[22m [31m[1m[vite][22m[39m [31mhttp proxy error: /api/v1/task/statistics?userId=1[39m
AggregateError [ECONNREFUSED]: 
    at internalConnectMultiple (node:net:1339:18)
    at afterConnectMultiple (node:net:1942:7)
[2m09:30:48[22m [36m[1m[vite][22m[39m [32mhmr update [39m[2m/src/views/task/MaterialCall.vue, /src/views/task/MaterialCall.vue?vue&type=style&index=0&scoped=9380b06b&lang.scss[22m
[2m09:32:03[22m [31m[1m[vite][22m[39m [31mhttp proxy error: /api/v1/task/statistics?userId=1[39m
AggregateError [ECONNREFUSED]: 
    at internalConnectMultiple (node:net:1339:18)
    at afterConnectMultiple (node:net:1942:7)
[2m09:33:55[22m [31m[1m[vite][22m[39m [31mhttp proxy error: /api/v1/task/statistics?userId=1[39m
AggregateError [ECONNREFUSED]: 
    at internalConnectMultiple (node:net:1339:18)
    at afterConnectMultiple (node:net:1942:7)
[2m09:47:13[22m [31m[1m[vite][22m[39m [31mInternal server error: Invalid end tag.[39m
  Plugin: [35mvite:vue[39m
  File: [36mE:/Project/Platform/frontend/src/views/task/Statistics.vue[39m:25:64
[33m  23 |        <div class="tb-item"><i class="led-dot led-run"></i><span>IDX</span><b>RUN</b></div>
  24 |        <div class="tb-divider"></div>
  25 |        <div class="tb-item"><span>吞吐</span><b>{{ throughput }}/d</span></div>
     |                                                                  ^
  26 |        <div class="tb-item"><span>效率</span><b>{{ stats.onTimeRate }}%</b></div>
  27 |        <div class="tb-divider"></div>[39m
      at createCompilerError (E:\Project\Platform\frontend\node_modules\@vue\compiler-core\dist\compiler-core.cjs.js:13
78:17)
      at emitError (E:\Project\Platform\frontend\node_modules\@vue\compiler-core\dist\compiler-core.cjs.js:3035:5)
      at Object.onclosetag (E:\Project\Platform\frontend\node_modules\@vue\compiler-core\dist\compiler-core.cjs.js:2412
:9)
      at Tokenizer.stateInClosingTagName (E:\Project\Platform\frontend\node_modules\@vue\compiler-core\dist\compiler-co
re.cjs.js:799:16)
      at Tokenizer.parse (E:\Project\Platform\frontend\node_modules\@vue\compiler-core\dist\compiler-core.cjs.js:1157:1
6)
      at Object.baseParse (E:\Project\Platform\frontend\node_modules\@vue\compiler-core\dist\compiler-core.cjs.js:3074:
13)
      at Object.parse (E:\Project\Platform\frontend\node_modules\@vue\compiler-dom\dist\compiler-dom.cjs.js:913:23)
      at Object.parse$1 [as parse] (E:\Project\Platform\frontend\node_modules\@vue\compiler-sfc\dist\compiler-sfc.cjs.j
s:1849:24)
      at createDescriptor (file:///E:/Project/Platform/frontend/node_modules/@vitejs/plugin-vue/dist/index.mjs:71:43)
      at transformMain (file:///E:/Project/Platform/frontend/node_modules/@vitejs/plugin-vue/dist/index.mjs:2421:34)
DEPRECATION WARNING [legacy-js-api]: The legacy JS API is deprecated and will be removed in Dart Sass 2.0.0.

More info: https://sass-lang.com/d/legacy-js-api

[2m09:47:24[22m [36m[1m[vite][22m[39m [32m✨ new dependencies optimized: [33melement-plus/es/components/date-picker/style/css[32m[39m
[2m09:47:24[22m [36m[1m[vite][22m[39m [32m✨ optimized dependencies changed. reloading[39m
DEPRECATION WARNING [legacy-js-api]: The legacy JS API is deprecated and will be removed in Dart Sass 2.0.0.

More info: https://sass-lang.com/d/legacy-js-api

DEPRECATION WARNING [legacy-js-api]: The legacy JS API is deprecated and will be removed in Dart Sass 2.0.0.

More info: https://sass-lang.com/d/legacy-js-api

DEPRECATION WARNING [legacy-js-api]: The legacy JS API is deprecated and will be removed in Dart Sass 2.0.0.

More info: https://sass-lang.com/d/legacy-js-api

[2m09:47:25[22m [31m[1m[vite][22m[39m [31mhttp proxy error: /api/v1/task/statistics?userId=1[39m
AggregateError [ECONNREFUSED]: 
    at internalConnectMultiple (node:net:1339:18)
    at afterConnectMultiple (node:net:1942:7)
DEPRECATION WARNING [legacy-js-api]: The legacy JS API is deprecated and will be removed in Dart Sass 2.0.0.

More info: https://sass-lang.com/d/legacy-js-api

DEPRECATION WARNING [legacy-js-api]: The legacy JS API is deprecated and will be removed in Dart Sass 2.0.0.

More info: https://sass-lang.com/d/legacy-js-api

DEPRECATION WARNING [legacy-js-api]: The legacy JS API is deprecated and will be removed in Dart Sass 2.0.0.

More info: https://sass-lang.com/d/legacy-js-api

[2m09:47:28[22m [31m[1m[vite][22m[39m [31mhttp proxy error: /api/v1/task/statistics?userId=1[39m
AggregateError [ECONNREFUSED]: 
    at internalConnectMultiple (node:net:1339:18)
    at afterConnectMultiple (node:net:1942:7)
[2m09:47:28[22m [31m[1m[vite][22m[39m [31mhttp proxy error: /api/v1/task/page?assigneeId=1&taskStatus=0&pageNum=
1&pageSize=10&taskType=&externalSystem=&keyword=[39m
AggregateError [ECONNREFUSED]: 
    at internalConnectMultiple (node:net:1339:18)
    at afterConnectMultiple (node:net:1942:7)
[2m08:16:41[22m [31m[1m[vite][22m[39m [31mhttp proxy error: /api/v1/task/statistics?userId=1[39m
AggregateError [ECONNREFUSED]: 
    at internalConnectMultiple (node:net:1339:18)
    at afterConnectMultiple (node:net:1942:7)
[2m08:16:57[22m [31m[1m[vite][22m[39m [31mhttp proxy error: /api/v1/task/statistics?userId=1[39m
AggregateError [ECONNREFUSED]: 
    at internalConnectMultiple (node:net:1339:18)
    at afterConnectMultiple (node:net:1942:7)
[2m08:17:04[22m [31m[1m[vite][22m[39m [31mInternal server error: Invalid end tag.[39m
  Plugin: [35mvite:vue[39m
  File: [36mE:/Project/Platform/frontend/src/views/task/Statistics.vue[39m:25:64
[33m  23 |        <div class="tb-item"><i class="led-dot led-run"></i><span>IDX</span><b>RUN</b></div>
  24 |        <div class="tb-divider"></div>
  25 |        <div class="tb-item"><span>吞吐</span><b>{{ throughput }}/d</span></div>
     |                                                                  ^
  26 |        <div class="tb-item"><span>效率</span><b>{{ stats.onTimeRate }}%</b></div>
  27 |        <div class="tb-divider"></div>[39m
      at createCompilerError (E:\Project\Platform\frontend\node_modules\@vue\compiler-core\dist\compiler-core.cjs.js:13
78:17)
      at emitError (E:\Project\Platform\frontend\node_modules\@vue\compiler-core\dist\compiler-core.cjs.js:3035:5)
      at Object.onclosetag (E:\Project\Platform\frontend\node_modules\@vue\compiler-core\dist\compiler-core.cjs.js:2412
:9)
      at Tokenizer.stateInClosingTagName (E:\Project\Platform\frontend\node_modules\@vue\compiler-core\dist\compiler-co
re.cjs.js:799:16)
      at Tokenizer.parse (E:\Project\Platform\frontend\node_modules\@vue\compiler-core\dist\compiler-core.cjs.js:1157:1
6)
      at Object.baseParse (E:\Project\Platform\frontend\node_modules\@vue\compiler-core\dist\compiler-core.cjs.js:3074:
13)
      at Object.parse (E:\Project\Platform\frontend\node_modules\@vue\compiler-dom\dist\compiler-dom.cjs.js:913:23)
      at Object.parse$1 [as parse] (E:\Project\Platform\frontend\node_modules\@vue\compiler-sfc\dist\compiler-sfc.cjs.j
s:1849:24)
      at createDescriptor (file:///E:/Project/Platform/frontend/node_modules/@vitejs/plugin-vue/dist/index.mjs:71:43)
      at transformMain (file:///E:/Project/Platform/frontend/node_modules/@vitejs/plugin-vue/dist/index.mjs:2421:34)
DEPRECATION WARNING [legacy-js-api]: The legacy JS API is deprecated and will be removed in Dart Sass 2.0.0.

More info: https://sass-lang.com/d/legacy-js-api

DEPRECATION WARNING [legacy-js-api]: The legacy JS API is deprecated and will be removed in Dart Sass 2.0.0.

More info: https://sass-lang.com/d/legacy-js-api

DEPRECATION WARNING [legacy-js-api]: The legacy JS API is deprecated and will be removed in Dart Sass 2.0.0.

More info: https://sass-lang.com/d/legacy-js-api

DEPRECATION WARNING [legacy-js-api]: The legacy JS API is deprecated and will be removed in Dart Sass 2.0.0.

More info: https://sass-lang.com/d/legacy-js-api

DEPRECATION WARNING [legacy-js-api]: The legacy JS API is deprecated and will be removed in Dart Sass 2.0.0.

More info: https://sass-lang.com/d/legacy-js-api

[2m08:19:17[22m [36m[1m[vite][22m[39m [32m✨ new dependencies optimized: [33melement-plus/es/components/radio-group/style/css, element-plus/es/components/radio-button/style/css, element-plus/es/components/card/style/css[32m[39m
[2m08:19:17[22m [36m[1m[vite][22m[39m [32m✨ optimized dependencies changed. reloading[39m
DEPRECATION WARNING [legacy-js-api]: The legacy JS API is deprecated and will be removed in Dart Sass 2.0.0.

More info: https://sass-lang.com/d/legacy-js-api

DEPRECATION WARNING [legacy-js-api]: The legacy JS API is deprecated and will be removed in Dart Sass 2.0.0.

More info: https://sass-lang.com/d/legacy-js-api

DEPRECATION WARNING [legacy-js-api]: The legacy JS API is deprecated and will be removed in Dart Sass 2.0.0.

More info: https://sass-lang.com/d/legacy-js-api

[2m08:19:19[22m [31m[1m[vite][22m[39m [31mhttp proxy error: /api/v1/task/statistics?userId=1[39m
AggregateError [ECONNREFUSED]: 
    at internalConnectMultiple (node:net:1339:18)
    at afterConnectMultiple (node:net:1942:7)
[2m08:19:19[22m [31m[1m[vite][22m[39m [31mhttp proxy error: /api/v1/task/statistics?userId=1[39m
AggregateError [ECONNREFUSED]: 
    at internalConnectMultiple (node:net:1339:18)
    at afterConnectMultiple (node:net:1942:7)
[2m08:19:20[22m [31m[1m[vite][22m[39m [31mInternal server error: Invalid end tag.[39m
  Plugin: [35mvite:vue[39m
  File: [36mE:/Project/Platform/frontend/src/views/task/Statistics.vue[39m:25:64
[33m  23 |        <div class="tb-item"><i class="led-dot led-run"></i><span>IDX</span><b>RUN</b></div>
  24 |        <div class="tb-divider"></div>
  25 |        <div class="tb-item"><span>吞吐</span><b>{{ throughput }}/d</span></div>
     |                                                                  ^
  26 |        <div class="tb-item"><span>效率</span><b>{{ stats.onTimeRate }}%</b></div>
  27 |        <div class="tb-divider"></div>[39m
      at createCompilerError (E:\Project\Platform\frontend\node_modules\@vue\compiler-core\dist\compiler-core.cjs.js:13
78:17)
      at emitError (E:\Project\Platform\frontend\node_modules\@vue\compiler-core\dist\compiler-core.cjs.js:3035:5)
      at Object.onclosetag (E:\Project\Platform\frontend\node_modules\@vue\compiler-core\dist\compiler-core.cjs.js:2412
:9)
      at Tokenizer.stateInClosingTagName (E:\Project\Platform\frontend\node_modules\@vue\compiler-core\dist\compiler-co
re.cjs.js:799:16)
      at Tokenizer.parse (E:\Project\Platform\frontend\node_modules\@vue\compiler-core\dist\compiler-core.cjs.js:1157:1
6)
      at Object.baseParse (E:\Project\Platform\frontend\node_modules\@vue\compiler-core\dist\compiler-core.cjs.js:3074:
13)
      at Object.parse (E:\Project\Platform\frontend\node_modules\@vue\compiler-dom\dist\compiler-dom.cjs.js:913:23)
      at Object.parse$1 [as parse] (E:\Project\Platform\frontend\node_modules\@vue\compiler-sfc\dist\compiler-sfc.cjs.j
s:1849:24)
      at createDescriptor (file:///E:/Project/Platform/frontend/node_modules/@vitejs/plugin-vue/dist/index.mjs:71:43)
      at transformMain (file:///E:/Project/Platform/frontend/node_modules/@vitejs/plugin-vue/dist/index.mjs:2421:34)
