
  .   ____          _            __ _ _
 /\\ / ___'_ __ _ _(_)_ __  __ _ \ \ \ \
( ( )\___ | '_ | '_| | '_ \/ _` | \ \ \ \
 \\/  ___)| |_)| | | | | || (_| |  ) ) ) )
  '  |____| .__|_| |_|_| |_\__, | / / / /
 =========|_|==============|___/=/_/_/_/
 :: Spring Boot ::                (v3.2.5)

2026-08-18T15:04:00.790+08:00  INFO 14484 --- [eb-service-task] [           main] c.e.brain.task.TaskServiceApplication    : Starting TaskServiceApplication v1.0.0 using Java 24.0.1 with PID 14484 (E:\Project\Platform\backend\eb-service-task\target\eb-service-task-1.0.0.jar started by Lenovo in E:\Project\Platform)
2026-08-18T15:04:00.811+08:00  INFO 14484 --- [eb-service-task] [           main] c.e.brain.task.TaskServiceApplication    : The following 1 profile is active: "dev"
2026-08-18T15:04:02.820+08:00  INFO 14484 --- [eb-service-task] [           main] .s.d.r.c.RepositoryConfigurationDelegate : Multiple Spring Data modules found, entering strict repository configuration mode
2026-08-18T15:04:02.826+08:00  INFO 14484 --- [eb-service-task] [           main] .s.d.r.c.RepositoryConfigurationDelegate : Bootstrapping Spring Data Redis repositories in DEFAULT mode.
2026-08-18T15:04:02.859+08:00  INFO 14484 --- [eb-service-task] [           main] .s.d.r.c.RepositoryConfigurationDelegate : Finished Spring Data repository scanning in 12 ms. Found 0 Redis repository interfaces.
2026-08-18T15:04:03.069+08:00  INFO 14484 --- [eb-service-task] [           main] o.s.cloud.context.scope.GenericScope     : BeanFactory id=65592608-a5a2-3280-9501-8d76187b315a
2026-08-18T15:04:05.035+08:00  INFO 14484 --- [eb-service-task] [           main] o.s.b.w.embedded.tomcat.TomcatWebServer  : Tomcat initialized with port 8081 (http)
2026-08-18T15:04:05.060+08:00  INFO 14484 --- [eb-service-task] [           main] o.apache.catalina.core.StandardService   : Starting service [Tomcat]
2026-08-18T15:04:05.063+08:00  INFO 14484 --- [eb-service-task] [           main] o.apache.catalina.core.StandardEngine    : Starting Servlet engine: [Apache Tomcat/10.1.20]
2026-08-18T15:04:05.120+08:00  INFO 14484 --- [eb-service-task] [           main] o.a.c.c.C.[Tomcat].[localhost].[/]       : Initializing Spring embedded WebApplicationContext
2026-08-18T15:04:05.124+08:00  INFO 14484 --- [eb-service-task] [           main] w.s.c.ServletWebServerApplicationContext : Root WebApplicationContext: initialization completed in 4158 ms
2026-08-18T15:04:06.109+08:00  INFO 14484 --- [eb-service-task] [           main] c.a.d.s.b.a.DruidDataSourceAutoConfigure : Init DruidDataSource
2026-08-18T15:04:07.498+08:00  INFO 14484 --- [eb-service-task] [           main] com.alibaba.druid.pool.DruidDataSource   : {dataSource-1} inited
Logging initialized using 'class org.apache.ibatis.logging.stdout.StdOutImpl' adapter.
Initialization Sequence datacenterId:12 workerId:12
 _ _   |_  _ _|_. ___ _ |    _ 
| | |\/|_)(_| | |_\  |_)||_|_\ 
     /               |         
                        3.5.5 
2026-08-18T15:04:09.679+08:00  INFO 14484 --- [eb-service-task] [           main] o.s.b.w.embedded.tomcat.TomcatWebServer  : Tomcat started on port 8081 (http) with context path ''
2026-08-18T15:04:10.215+08:00  INFO 14484 --- [eb-service-task] [           main] o.s.b.a.e.web.EndpointLinksResolver      : Exposing 1 endpoint(s) beneath base path '/actuator'
2026-08-18T15:04:10.245+08:00  INFO 14484 --- [eb-service-task] [           main] c.e.brain.task.TaskServiceApplication    : Started TaskServiceApplication in 10.359 seconds (process running for 11.067)
