Standard Commons Logging discovery in action with spring-jcl: please remove commons-logging.jar from classpath in order to avoid potential conflicts

  .   ____          _            __ _ _
 /\\ / ___'_ __ _ _(_)_ __  __ _ \ \ \ \
( ( )\___ | '_ | '_| | '_ \/ _` | \ \ \ \
 \\/  ___)| |_)| | | | | || (_| |  ) ) ) )
  '  |____| .__|_| |_|_| |_\__, | / / / /
 =========|_|==============|___/=/_/_/_/
 :: Spring Boot ::                (v3.2.5)

2026-09-18T09:59:53.413+08:00  INFO 56432 --- [eb-service-task] [           main] c.e.brain.task.TaskServiceApplication    : Starting TaskServiceApplication v1.0.0 using Java 17.0.20.1 with PID 56432 (E:\叶的共享文件\Platform\backend\eb-service-task\target\eb-service-task-1.0.0.jar started by Administrator in E:\叶的共享文件\Platform)
2026-09-18T09:59:53.421+08:00  INFO 56432 --- [eb-service-task] [           main] c.e.brain.task.TaskServiceApplication    : The following 1 profile is active: "dev"
2026-09-18T09:59:55.385+08:00  INFO 56432 --- [eb-service-task] [           main] .s.d.r.c.RepositoryConfigurationDelegate : Multiple Spring Data modules found, entering strict repository configuration mode
2026-09-18T09:59:55.391+08:00  INFO 56432 --- [eb-service-task] [           main] .s.d.r.c.RepositoryConfigurationDelegate : Bootstrapping Spring Data Redis repositories in DEFAULT mode.
2026-09-18T09:59:55.416+08:00  INFO 56432 --- [eb-service-task] [           main] .s.d.r.c.RepositoryConfigurationDelegate : Finished Spring Data repository scanning in 13 ms. Found 0 Redis repository interfaces.
2026-09-18T09:59:55.624+08:00  INFO 56432 --- [eb-service-task] [           main] o.s.cloud.context.scope.GenericScope     : BeanFactory id=7bacc036-50e3-368a-aa4d-d165bcf08427
2026-09-18T09:59:56.536+08:00  INFO 56432 --- [eb-service-task] [           main] o.s.b.w.embedded.tomcat.TomcatWebServer  : Tomcat initialized with port 8081 (http)
2026-09-18T09:59:56.573+08:00  INFO 56432 --- [eb-service-task] [           main] o.apache.catalina.core.StandardService   : Starting service [Tomcat]
2026-09-18T09:59:56.575+08:00  INFO 56432 --- [eb-service-task] [           main] o.apache.catalina.core.StandardEngine    : Starting Servlet engine: [Apache Tomcat/10.1.20]
2026-09-18T09:59:56.681+08:00  INFO 56432 --- [eb-service-task] [           main] o.a.c.c.C.[Tomcat].[localhost].[/]       : Initializing Spring embedded WebApplicationContext
2026-09-18T09:59:56.686+08:00  INFO 56432 --- [eb-service-task] [           main] w.s.c.ServletWebServerApplicationContext : Root WebApplicationContext: initialization completed in 3148 ms
Standard Commons Logging discovery in action with spring-jcl: please remove commons-logging.jar from classpath in order to avoid potential conflicts
2026-09-18T09:59:57.389+08:00  INFO 56432 --- [eb-service-task] [           main] c.a.d.s.b.a.DruidDataSourceAutoConfigure : Init DruidDataSource
2026-09-18T09:59:58.069+08:00  INFO 56432 --- [eb-service-task] [           main] com.alibaba.druid.pool.DruidDataSource   : {dataSource-1} inited
Logging initialized using 'class org.apache.ibatis.logging.stdout.StdOutImpl' adapter.
Initialization Sequence datacenterId:0 workerId:2
 _ _   |_  _ _|_. ___ _ |    _ 
| | |\/|_)(_| | |_\  |_)||_|_\ 
     /               |         
                        3.5.5 
2026-09-18T09:59:59.626+08:00  INFO 56432 --- [eb-service-task] [           main] o.s.b.w.embedded.tomcat.TomcatWebServer  : Tomcat started on port 8081 (http) with context path ''
2026-09-18T10:00:00.715+08:00  INFO 56432 --- [eb-service-task] [           main] o.s.cloud.commons.util.InetUtils         : Cannot determine local hostname
2026-09-18T10:00:01.398+08:00  INFO 56432 --- [eb-service-task] [           main] o.s.b.a.e.web.EndpointLinksResolver      : Exposing 1 endpoint(s) beneath base path '/actuator'
2026-09-18T10:00:01.433+08:00  INFO 56432 --- [eb-service-task] [           main] c.e.brain.task.TaskServiceApplication    : Started TaskServiceApplication in 9.842 seconds (process running for 10.487)
2026-09-18T10:00:18.034+08:00  INFO 56432 --- [eb-service-task] [nio-8081-exec-1] o.a.c.c.C.[Tomcat].[localhost].[/]       : Initializing Spring DispatcherServlet 'dispatcherServlet'
2026-09-18T10:00:18.034+08:00  INFO 56432 --- [eb-service-task] [nio-8081-exec-1] o.s.web.servlet.DispatcherServlet        : Initializing Servlet 'dispatcherServlet'
2026-09-18T10:00:18.194+08:00  INFO 56432 --- [eb-service-task] [nio-8081-exec-1] o.s.web.servlet.DispatcherServlet        : Completed initialization in 160 ms
Creating a new SqlSession
SqlSession [org.apache.ibatis.session.defaults.DefaultSqlSession@286e4520] was not registered for synchronization because synchronization is not active
JDBC Connection [com.alibaba.druid.pool.DruidStatementConnection@2361d13b] will not be managed by Spring
==>  Preparing: select id,producttype,starttime,ordercode,pcode,machcode,materialid,materialname,total,spec,dept,staffname,scheduledpriority as schedulepriority,unit,BOMflag from mes_dwd_productOrder where starttime >= CAST(GETDATE() AS DATE) and dept='注塑车间' order by starttime asc
==> Parameters: 
<==    Columns: id, producttype, starttime, ordercode, pcode, machcode, materialid, materialname, total, spec, dept, staffname, schedulepriority, unit, BOMflag
<==        Row: 1151847, product, 2026-09-18 00:29:54.0000000, MO2609171635, WORK26081414792A, ZS29, 6400205001, MDC53-风叶-D55013, 300, MDC53, 注塑车间, 邓靖骞, 1, g, 0
<==        Row: 1151848, product, 2026-09-18 00:30:23.0000000, MO2609181646, WORK26071395134A, ZS04, 6290025007, DD2401变速推钮-186C红（免煮）-泰朝, 300, DD1603, 注塑车间, 李军, 0, g, 0
<==        Row: 1151849, product, 2026-09-18 00:33:56.0000000, MO2609181651, WORK26081422436A, ZS36, 6290940003, A10073-1073后罩-7U冷灰, 305, A10073, 注塑车间, 邓靖骞, 30000, g, 1
<==        Row: 1151850, product, 2026-09-18 00:34:09.0000000, MO2609181650, WORK26081418206A, ZS36, 6290940003, A10073-1073后罩-7U冷灰, 310, A10073, 注塑车间, 邓靖骞, 30000, g, 0
<==        Row: 1151852, product, 2026-09-18 00:42:03.0000000, MO2609181653, WORK26081423805A, ZS45, 6290659006, 8809机壳（无字）-185C红色, 40,  , 注塑车间, 许章严, 999999, g, 0
<==        Row: 1151853, product, 2026-09-18 00:49:37.0000000, MO2609181651, WORK26081422436A, ZS36, 6290940003, A10073-1073后罩-7U冷灰, 305, A10073, 注塑车间, 张祥富, 30000, g, 1
<==        Row: 1151854, product, 2026-09-18 00:49:55.0000000, MO2609181650, WORK26081418206A, ZS36, 6290940003, A10073-1073后罩-7U冷灰, 310, A10073, 注塑车间, 张祥富, 30000, g, 0
<==        Row: 1151858, product, 2026-09-18 01:13:08.0000000, MO2609170797, WORK26081421697A, ZS06, 6290024013, D55001-WR2201B正反转推杆-AMAXTOOLS果绿（免煮）, 1020, D55001, 注塑车间, 毛常林, 1, g, 0
<==        Row: 1151860, product, 2026-09-18 01:24:09.0000000, MO2609181654, WORK26081423805A, ZS45, 6290659006, 8809机壳（无字）-185C红色, 360,  , 注塑车间, 许章严, 30000, g, 0
<==        Row: 1151861, product, 2026-09-18 01:27:00.0000000, MO2609171611, WORK26061380837A, ZS03, 6292179001, HLC1-230挡风圈-本色, 700, HLC1-230, 注塑车间, 超级用户, 1, g, 0
<==        Row: 1151862, product, 2026-09-18 01:45:04.0000000, MO2609171641, WORK26081410519A, ZS31, 6340141011, D50006-BP2004002下盖  -黑色（免煮）/包胶426C灰色, 2230, D50006, 注塑车间, 毛常林, 999999, g, 0
<==        Row: 1151863, product, 2026-09-18 01:59:37.0000000, MO2609181657, WORK26081407972A, ZS60, 6340172003, D54009A-DD2003左机壳(无字)-11C冷灰（免煮）/包胶黑色, 510, D54009A, 注塑车间, 安亚, 1, g, 0
<==        Row: 1151864, product, 2026-09-18 01:59:52.0000000, MO2609181658, WORK26081407970A, ZS60, 6340044017, D54009A-DD2003右机壳-11C冷灰（免煮）/包胶黑色, 510, D54009A, 注塑车间, 安亚, 0, g, 0
<==        Row: 1151865, product, 2026-09-18 02:18:13.0000000, MO2609152530, WORK26071403940A, ZS02, 6292007002, 1071推杆（A3EG7 ）-本色, 20000, 1071, 注塑车间, 田凤仙, 1, g, 0
<==        Row: 1151866, product, 2026-09-18 02:54:06.0000000, MO2609171629, WORK26091426456A, ZS07, 6291969010, 1009自锁帽-黑色, 16000, A10009, 注塑车间, 李军, 999999, g, 0
<==        Row: 1151868, product, 2026-09-18 03:06:00.0000000, MO2609171637, WORK26091432508A, ZS37, 6290164007, AG2401把手（无字）-华丽红（免煮）, 810, AG2401, 注塑车间, 超级用户, 30000, g, 0
<==        Row: 1151869, product, 2026-09-18 03:30:52.0000000, MO2609181661, WORK26081415147A, ZS34, 6292645003, 8210锁壳（黑色）, 405, 8210, 注塑车间, 邓靖骞, 29999, g, 0
<==        Row: 1151870, product, 2026-09-18 03:31:05.0000000, MO2609181660, WORK26071407069A, ZS34, 6292645003, 8210锁壳（黑色）, 605, 8210, 注塑车间, 邓靖骞, 30000, g, 0
<==        Row: 1151871, product, 2026-09-18 03:31:45.0000000, MO2609181659, WORK26080009330P, ZS34, 6292645003, 8210锁壳（黑色）, 200, 8210, 注塑车间, 邓靖骞, 29999, g, 0
<==        Row: 1151872, product, 2026-09-18 03:47:32.0000000, MO2609181662, WORK26071407188A, ZS03, 6400217001, H33006-定位圈, 620, H33006, 注塑车间, 余锋, 1, g, 1
<==        Row: 1151873, product, 2026-09-18 03:52:35.0000000, MO2609181656, WORK26081414783A, ZS66, 6340344001, D55014-左机壳-TPG绿色(免煮）新料/包胶黑色-英太克LOGO嵌件, 150, D55014, 注塑车间, 安亚, 999999, g, 0
<==        Row: 1151874, product, 2026-09-18 04:01:54.0000000, MO2609181652, WORK26071407033A, ZS08, 6291341005, A28210-8210三功能拨钮-3C冷灰, 610, A28210, 注塑车间, 李军, 1, g, 0
<==        Row: 1151875, product, 2026-09-18 04:02:13.0000000, MO2609171634, WORK26080009336P, ZS08, 6291341005, A28210-8210三功能拨钮-3C冷灰, 50, A28210, 注塑车间, 李军, 1, g, 0
<==        Row: 1151876, product, 2026-09-18 04:06:00.0000000, MO2609181652, WORK26071407033A, ZS08, 6291341005, A28210-8210三功能拨钮-3C冷灰, 610, A28210, 注塑车间, 超级用户, 1, g, 0
<==        Row: 1151877, product, 2026-09-18 04:12:16.0000000, MO2609181664, WORK26071407187A, ZS29, 6400218001, H33006-转子风叶, 620, H33006, 注塑车间, 邓靖骞, 1, g, 1
<==        Row: 1151878, product, 2026-09-18 04:12:28.0000000, MO2606240265, WORK26060001884C, ZS29, 6400218001, H33006-转子风叶, 20, H33006, 注塑车间, 邓靖骞, 10, g, 0
<==        Row: 1151879, product, 2026-09-18 05:06:00.0000000, MO2609121353, WORK26071404674A, ZS53, 6293146009, A10071-1071S机壳（浮雕INGCO 丝印黑色）--盈合INGCO专用黄色(新料S0068）, 10200, A10071, 注塑车间, 超级用户, 30000, g, 0
<==        Row: 1151882, product, 2026-09-18 05:24:11.0000000, MO2609171625, WORK26071393155A, ZS02, 6292000002, 1029B推杆（A3EG7 ）-本色, 5000, 1026、1029B, 注塑车间, 田凤仙, 30000, g, 0
<==        Row: 1151883, product, 2026-09-18 05:26:30.0000000, MO2609171626, WORK26070008391P, ZS02, 6292000002, 1029B推杆（A3EG7 ）-本色, 500, 1026、1029B, 注塑车间, 田凤仙, 30000, g, 0
<==        Row: 1151902, product, 2026-09-18 06:24:00.0000000, MO2609110996, WORK26071406028A, ZS23, 6400200001, HLG1-100转子风叶（带钢套）, 17500, MHC43, 注塑车间, 超级用户, 1, g, 0
<==        Row: 1151903, product, 2026-09-18 06:30:00.0000000, MO2609181683, WORK26081419472A, ZS41, 6291114002, 1802B手柄（不包胶）-黑色, 1001, A18002B, 注塑车间, 许章严, 29999, g, 0
<==        Row: 1151905, product, 2026-09-18 06:41:24.0000000, MO2609181684, WORK26081421700A, ZS67, 6292977001, 1601B插片固定板（阻燃）, 700, NA, 注塑车间, 安亚, 0, g, 0
<==        Row: 1151906, product, 2026-09-18 06:47:51.0000000, MO2609171639, WORK26081415148A, ZS08, 6291341001, 8210三功能拨钮-黑色, 405, 8210, 注塑车间, 李军, 0, g, 0
<==        Row: 1151907, product, 2026-09-18 06:49:05.0000000, MO2606240237, WORK26050001839C, ZS03, 6400217001, H33006-定位圈, 20, H33006, 注塑车间, 李军, 1, g, 0
<==        Row: 1151908, product, 2026-09-18 06:51:49.0000000, MO2609121029, WORK26091426852A, ZS19, 6340302001, D53009B-D53009B左手柄-KT展脚，黑色（免煮）/包胶黑色, 1000, D53009B, 注塑车间, 龙文刚, 1, g, 0
<==        Row: 1151909, product, 2026-09-18 06:54:01.0000000, MO2609121031, WORK26081414285A, ZS19, 6340301001, D53009B-D53009B右手柄-KT展脚，黑色(免煮)/包胶黑色, 1000, D53009B, 注塑车间, 龙文刚, 999999, g, 0
<==        Row: 1151910, product, 2026-09-18 06:57:00.0000000, MO2608157793, WORK26071403320A, ZS67, 6292977001, 1601B插片固定板（阻燃）, 2000, NA, 注塑车间, 超级用户, 30000, g, 0
<==        Row: 1151911, product, 2026-09-18 06:59:05.0000000, MO2609181685, WORK26081419478A, ZS49, 6291807001, 1091机壳 （浮雕ACEM）-1585C橙色, 125, A10091, 注塑车间, 许章严, 30000, g, 0
<==        Row: 1151912, product, 2026-09-18 07:02:46.0000000, MO2609181686, WORK26081421700A, ZS66, 6292977001, 1601B插片固定板（阻燃）, 270, NA, 注塑车间, 邹川, 29999, g, 0
<==        Row: 1151913, product, 2026-09-18 07:04:52.0000000, MO2609171644, WORK26081419435A, ZS06, 6292132001, 4012挡风圈-黑色, 6000, A14012, 注塑车间, 肖成惠, 1, g, 0
<==        Row: 1151914, product, 2026-09-18 07:06:00.0000000, MO2609017986, WORK26081409910A, ZS66, 6292977001, 1601B插片固定板（阻燃）, 200, NA, 注塑车间, 超级用户, 999999, g, 0
<==        Row: 1151915, product, 2026-09-18 07:10:28.0000000, MO2609181688, WORK26071406008A, ZS58, 6292503001, HLC1-190开关手柄(左）丝印得伟黄-黑色, 1500, H35001, 注塑车间, 邹川, 1, g, 0
<==        Row: 1151916, product, 2026-09-18 07:10:55.0000000, MO2609181689, WORK26071406025A, ZS58, 6292502001, HLC1-190开关手柄(右）-黑色, 1500, H35001, 注塑车间, 邹川, 1, g, 0
<==        Row: 1151917, product, 2026-09-18 07:11:27.0000000, MO2609181687, WORK26071392488A, ZS04, 6290026010, DD2402变速推钮-172C橙色--KT, 1510, D54007, 注塑车间, 陶余友, 999999, g, 0
<==        Row: 1151918, product, 2026-09-18 07:15:35.0000000, MO2609111006, WORK26081414155A, ZS33, 6291078003, 1038手柄（调速）-黑色（包胶：黑色）, 500, A10038, 注塑车间, 邓靖骞, 0, g, 0
<==        Row: 1151919, product, 2026-09-18 07:24:09.0000000, MO2609171574, WORK26081408832A, ZS58, 6291123001, 190无刷开槽机加长手柄-黑色, 500, 190, 注塑车间, 邹川, 1, 只, 0
<==        Row: 1151923, product, 2026-09-18 07:38:14.0000000, MO2609181687, WORK26071392488A, ZS04, 6290026010, DD2402变速推钮-172C橙色--KT, 1510, D54007, 注塑车间, 陶余友, 999999, g, 0
<==        Row: 1151924, product, 2026-09-18 07:38:18.0000000, MO2609181693, WORK26081415248A, ZS47, 6290909006, 1032后罩-黑色, 300, A10032, 注塑车间, 陈浩东, 30000, g, 0
<==        Row: 1151925, product, 2026-09-18 07:38:34.0000000, MO2609181692, WORK26071407241A, ZS47, 6290909006, 1032后罩-黑色, 4600, A10032, 注塑车间, 陈浩东, 30000, g, 0
<==        Row: 1151932, product, 2026-09-18 07:55:55.0000000, MO2609181698, WORK26081424462A, ZS61, 6291874001, 1802B机壳 （浮雕 MT,丝印白色）-ME红, 505, 1802B, 注塑车间, 邹川, 0, g, 0
<==        Row: 1151933, product, 2026-09-18 07:56:36.0000000, MO2609181688, WORK26071406008A, ZS58, 6292503001, HLC1-190开关手柄(左）丝印得伟黄-黑色, 1500, H35001, 注塑车间, 邹川, 1, g, 0
<==        Row: 1151935, product, 2026-09-18 08:00:10.0000000, MO2609181700, WORK26071398471A, ZS14, 6340118026, D53003-AG2401角磨减震副把手M8（无字 ) -Wilson博世蓝/包胶黑色, 655, D53003, 注塑车间, 訾涛, 0, g, 0
<==        Row: 1151975, product, 2026-09-18 08:29:56.0000000, MO2608243617, WORK26051353950A, ZS06, 6290024011, D54002A-WR2201B正反转推杆-021U 橘色, 25, D54002A, 注塑车间, 朱啟翠, 344, g, 0
<==        Row: 1151976, product, 2026-09-18 08:30:15.0000000, MO2609017986, WORK26081409910A, ZS67, 6292977001, 1601B插片固定板（阻燃）, 200, NA, 注塑车间, 邹川, 999999, g, 0
<==        Row: 1151981, product, 2026-09-18 08:45:00.0000000, MO2609181740, WORK26061380547A, ZS01, 6292857001, 8825磁环, 1750, 8825, 注塑车间, 陶余友, 0, g, 0
<==        Row: 1151988, product, 2026-09-18 09:03:28.0000000, MO2609181748, WORK26071394797A, ZS03, 6292037001, 1802B防尘圈-本色, 4100, A18002B, 注塑车间, 陶余友, 0, g, 0
<==        Row: 1151989, product, 2026-09-18 09:06:00.0000000, MO2609170802, WORK26081419478A, ZS49, 6291807001, 1091机壳 （浮雕ACEM）-1585C橙色, 1890, A10091, 注塑车间, 超级用户, 30000, g, 0
<==        Row: 1151990, product, 2026-09-18 09:07:18.0000000, MO2609181744, WORK26081418613A, ZS24, 6400012001, IW2401端面出线上端板, 23000,  , 注塑车间, 黄雪雪, 0, g, 0
<==        Row: 1151995, product, 2026-09-18 09:13:47.0000000, MO2609181752, WORK26080009238P, ZS30, 6290712014, H33001B-HLG1-100B机壳-303U蓝色--IVEKPA66-35, 30, H33001B, 注塑车间, 雷洲洲, 0, g, 0
<==        Row: 1151999, product, 2026-09-18 09:18:00.0000000, MO2609181736, WORK26081408169A, ZS22, 6290936005, 1071A后罩（调速款）-(11C-盈合), 4500, 1071, 注塑车间, 超级用户, 999999, g, 0
<==        Row: 1152012, product, 2026-09-18 09:37:06.0000000, MO2609181769, WORK26080009513P, ZS45, 6290659014, 8809机壳（无字）-370C绿色, 5, A28809, 注塑车间, 陈浩东, 30000, g, 0
<==        Row: 1152013, product, 2026-09-18 09:37:19.0000000, MO2609181768, WORK26081421304A, ZS45, 6290659014, 8809机壳（无字）-370C绿色, 305, A28809, 注塑车间, 陈浩东, 30000, g, 0
<==        Row: 1152014, product, 2026-09-18 09:39:00.0000000, MO2609171642, WORK26091428559A, ZS11, 6292001002, 1031推杆（A3EG7 ）-本色, 7000, 1031, 注塑车间, 超级用户, 30000, g, 0
<==        Row: 1152015, product, 2026-09-18 09:41:53.0000000, MO2609181736, WORK26081408169A, ZS22, 6290936005, 1071A后罩（调速款）-(11C-盈合), 4500, 1071, 注塑车间, 黄凯, 999999, g, 0
<==        Row: 1152016, product, 2026-09-18 09:43:07.0000000, MO2609181742, WORK26091432584A, ZS23, 6400007001, AG2401电机风叶, 17300, MDC53, 注塑车间, 黄凯, 0, g, 0
<==        Row: 1152018, product, 2026-09-18 09:45:23.0000000, MO2609181656, WORK26081414783A, ZS66, 6340344001, D55014-左机壳-TPG绿色(免煮）新料/包胶黑色-英太克LOGO嵌件, 150, D55014, 注塑车间, 邹川, 999999, g, 0
<==      Total: 66
Closing non transactional SqlSession [org.apache.ibatis.session.defaults.DefaultSqlSession@286e4520]
