Listening for transport dt_socket at address: 5005

  .   ____          _            __ _ _
 /\\ / ___'_ __ _ _(_)_ __  __ _ \ \ \ \
( ( )\___ | '_ | '_| | '_ \/ _` | \ \ \ \
 \\/  ___)| |_)| | | | | || (_| |  ) ) ) )
  '  |____| .__|_| |_|_| |_\__, | / / / /
 =========|_|==============|___/=/_/_/_/
 :: Spring Boot ::                (v3.2.5)

2026-09-08T18:23:24.102+08:00  INFO 36704 --- [eb-service-task] [           main] c.e.brain.task.TaskServiceApplication    : Starting TaskServiceApplication using Java 17.0.20.1 with PID 36704 (E:\叶的共享文件\Platform\backend\eb-service-task\target\classes started by Administrator in E:\叶的共享文件\Platform\backend\eb-service-task)
2026-09-08T18:23:24.108+08:00  INFO 36704 --- [eb-service-task] [           main] c.e.brain.task.TaskServiceApplication    : The following 1 profile is active: "dev"
2026-09-08T18:23:25.869+08:00  INFO 36704 --- [eb-service-task] [           main] .s.d.r.c.RepositoryConfigurationDelegate : Multiple Spring Data modules found, entering strict repository configuration mode
2026-09-08T18:23:25.873+08:00  INFO 36704 --- [eb-service-task] [           main] .s.d.r.c.RepositoryConfigurationDelegate : Bootstrapping Spring Data Redis repositories in DEFAULT mode.
2026-09-08T18:23:25.923+08:00  INFO 36704 --- [eb-service-task] [           main] .s.d.r.c.RepositoryConfigurationDelegate : Finished Spring Data repository scanning in 24 ms. Found 0 Redis repository interfaces.
2026-09-08T18:23:26.238+08:00  INFO 36704 --- [eb-service-task] [           main] o.s.cloud.context.scope.GenericScope     : BeanFactory id=9884e1de-c2a0-3ae3-ba56-4dd151c19cd0
2026-09-08T18:23:27.566+08:00  INFO 36704 --- [eb-service-task] [           main] o.s.b.w.embedded.tomcat.TomcatWebServer  : Tomcat initialized with port 8081 (http)
2026-09-08T18:23:27.588+08:00  INFO 36704 --- [eb-service-task] [           main] o.apache.catalina.core.StandardService   : Starting service [Tomcat]
2026-09-08T18:23:27.588+08:00  INFO 36704 --- [eb-service-task] [           main] o.apache.catalina.core.StandardEngine    : Starting Servlet engine: [Apache Tomcat/10.1.20]
2026-09-08T18:23:27.713+08:00  INFO 36704 --- [eb-service-task] [           main] o.a.c.c.C.[Tomcat].[localhost].[/]       : Initializing Spring embedded WebApplicationContext
2026-09-08T18:23:27.714+08:00  INFO 36704 --- [eb-service-task] [           main] w.s.c.ServletWebServerApplicationContext : Root WebApplicationContext: initialization completed in 3521 ms
2026-09-08T18:23:28.527+08:00  INFO 36704 --- [eb-service-task] [           main] c.a.d.s.b.a.DruidDataSourceAutoConfigure : Init DruidDataSource
2026-09-08T18:23:29.411+08:00  INFO 36704 --- [eb-service-task] [           main] com.alibaba.druid.pool.DruidDataSource   : {dataSource-1} inited
Logging initialized using 'class org.apache.ibatis.logging.stdout.StdOutImpl' adapter.
Initialization Sequence datacenterId:0 workerId:8
 _ _   |_  _ _|_. ___ _ |    _ 
| | |\/|_)(_| | |_\  |_)||_|_\ 
     /               |         
                        3.5.5 
2026-09-08T18:23:33.909+08:00  INFO 36704 --- [eb-service-task] [           main] o.s.cloud.commons.util.InetUtils         : Cannot determine local hostname
2026-09-08T18:23:33.951+08:00  INFO 36704 --- [eb-service-task] [           main] o.s.b.a.e.web.EndpointLinksResolver      : Exposing 1 endpoint(s) beneath base path '/actuator'
2026-09-08T18:23:34.079+08:00  INFO 36704 --- [eb-service-task] [           main] o.s.b.w.embedded.tomcat.TomcatWebServer  : Tomcat started on port 8081 (http) with context path ''
2026-09-08T18:23:35.130+08:00  INFO 36704 --- [eb-service-task] [           main] o.s.cloud.commons.util.InetUtils         : Cannot determine local hostname
2026-09-08T18:23:35.154+08:00  INFO 36704 --- [eb-service-task] [           main] c.e.brain.task.TaskServiceApplication    : Started TaskServiceApplication in 12.884 seconds (process running for 13.719)
2026-09-08T18:23:39.490+08:00  INFO 36704 --- [eb-service-task] [nio-8081-exec-2] o.a.c.c.C.[Tomcat].[localhost].[/]       : Initializing Spring DispatcherServlet 'dispatcherServlet'
2026-09-08T18:23:39.491+08:00  INFO 36704 --- [eb-service-task] [nio-8081-exec-2] o.s.web.servlet.DispatcherServlet        : Initializing Servlet 'dispatcherServlet'
2026-09-08T18:23:39.494+08:00  INFO 36704 --- [eb-service-task] [nio-8081-exec-2] o.s.web.servlet.DispatcherServlet        : Completed initialization in 3 ms
Creating a new SqlSession
SqlSession [org.apache.ibatis.session.defaults.DefaultSqlSession@819665] was not registered for synchronization because synchronization is not active
JDBC Connection [com.alibaba.druid.pool.DruidStatementConnection@79482666] will not be managed by Spring
==>  Preparing: select u.username as staffCode, u.real_name as staffName from sys_user u where u.deleted = 0 and u.status = 1 order by u.id
==> Parameters: 
<==    Columns: staffCode, staffName
<==        Row: admin, 系统管理员
<==        Row: zhangsan, 张三
<==        Row: lisi, 李四
<==        Row: wangwu, 王五
<==        Row: zhaoliu, 赵六
<==        Row: LB202604035, 叶军营
<==      Total: 6
Closing non transactional SqlSession [org.apache.ibatis.session.defaults.DefaultSqlSession@819665]
Creating a new SqlSession
SqlSession [org.apache.ibatis.session.defaults.DefaultSqlSession@65be6609] was not registered for synchronization because synchronization is not active
JDBC Connection [com.alibaba.druid.pool.DruidStatementConnection@777fe0c5] will not be managed by Spring
==>  Preparing: select * from DB_MATERIAL_CALL WHERE APPLICANT_CODE = ? order by CREATE_TIME desc
==> Parameters: LB202604035(String)
<==    Columns: ID, CALL_NO, APPLICANT_ID, APPLICANT_CODE, APPLICANT_NAME, APPLICANT_DEPT, QC_STAFF_ID, QC_STAFF_CODE, QC_STAFF_NAME, REASON_ID, REASON_TEXT, STATUS, RETURN_TYPE, REJECT_REASON, AUDIT_BY, AUDIT_TIME, ERP_ORDER_NO, WMS_ORDER_NO, ERROR_MSG, WMS_ENABLED, CREATE_TIME, UPDATE_TIME
<==        Row: 2097251740637327362, TL20260908171234628, 6849, LB202604035, 叶军营, null, 2, LB202604035, 叶军营, 6, 其他, 10, null, null, null, null, null, null, null, 0, 2026-09-08 17:12:34.6280506, 2026-09-08 17:12:34.6280506
<==      Total: 1
Closing non transactional SqlSession [org.apache.ibatis.session.defaults.DefaultSqlSession@65be6609]
Creating a new SqlSession
SqlSession [org.apache.ibatis.session.defaults.DefaultSqlSession@67e6e4b4] was not registered for synchronization because synchronization is not active
JDBC Connection [com.alibaba.druid.pool.DruidStatementConnection@777fe0c5] will not be managed by Spring
==>  Preparing: SELECT id,call_id,order_code,material_code,material_name,spec,unit,qty,create_time FROM DB_MATERIAL_CALL_ITEM WHERE (CALL_ID IN (?))
==> Parameters: 2097251740637327362(String)
<==    Columns: id, call_id, order_code, material_code, material_name, spec, unit, qty, create_time
<==        Row: 2097251740792516609, 2097251740637327362, WORK26071390510A, 6270424001, AG2401无刷电机转子轴 (轴胚)5325, AG2401, 支, 30.00, 2026-09-08 17:12:34.6280506
<==      Total: 1
Closing non transactional SqlSession [org.apache.ibatis.session.defaults.DefaultSqlSession@67e6e4b4]
Creating a new SqlSession
SqlSession [org.apache.ibatis.session.defaults.DefaultSqlSession@3157e6ae] was not registered for synchronization because synchronization is not active
JDBC Connection [com.alibaba.druid.pool.DruidStatementConnection@777fe0c5] will not be managed by Spring
==>  Preparing: select * from DB_MATERIAL_CALL WHERE APPLICANT_CODE = ? and STATUS in (?) order by CREATE_TIME desc
==> Parameters: LB202604035(String), 10(Integer)
<==    Columns: ID, CALL_NO, APPLICANT_ID, APPLICANT_CODE, APPLICANT_NAME, APPLICANT_DEPT, QC_STAFF_ID, QC_STAFF_CODE, QC_STAFF_NAME, REASON_ID, REASON_TEXT, STATUS, RETURN_TYPE, REJECT_REASON, AUDIT_BY, AUDIT_TIME, ERP_ORDER_NO, WMS_ORDER_NO, ERROR_MSG, WMS_ENABLED, CREATE_TIME, UPDATE_TIME
<==        Row: 2097251740637327362, TL20260908171234628, 6849, LB202604035, 叶军营, null, 2, LB202604035, 叶军营, 6, 其他, 10, null, null, null, null, null, null, null, 0, 2026-09-08 17:12:34.6280506, 2026-09-08 17:12:34.6280506
<==      Total: 1
Closing non transactional SqlSession [org.apache.ibatis.session.defaults.DefaultSqlSession@3157e6ae]
Creating a new SqlSession
SqlSession [org.apache.ibatis.session.defaults.DefaultSqlSession@79ae8116] was not registered for synchronization because synchronization is not active
JDBC Connection [com.alibaba.druid.pool.DruidStatementConnection@777fe0c5] will not be managed by Spring
==>  Preparing: SELECT id,call_id,order_code,material_code,material_name,spec,unit,qty,create_time FROM DB_MATERIAL_CALL_ITEM WHERE (CALL_ID IN (?))
==> Parameters: 2097251740637327362(String)
<==    Columns: id, call_id, order_code, material_code, material_name, spec, unit, qty, create_time
<==        Row: 2097251740792516609, 2097251740637327362, WORK26071390510A, 6270424001, AG2401无刷电机转子轴 (轴胚)5325, AG2401, 支, 30.00, 2026-09-08 17:12:34.6280506
<==      Total: 1
Closing non transactional SqlSession [org.apache.ibatis.session.defaults.DefaultSqlSession@79ae8116]
Creating a new SqlSession
SqlSession [org.apache.ibatis.session.defaults.DefaultSqlSession@4c189873] was not registered for synchronization because synchronization is not active
JDBC Connection [com.alibaba.druid.pool.DruidStatementConnection@777fe0c5] will not be managed by Spring
==>  Preparing: SELECT id,call_no,applicant_id,applicant_code,applicant_name,applicant_dept,qc_staff_id,qc_staff_code,qc_staff_name,reason_id,reason_text,status,return_type,reject_reason,audit_by,audit_time,erp_order_no,wms_order_no,error_msg,wms_enabled,create_time,update_time FROM DB_MATERIAL_CALL WHERE id=?
==> Parameters: 2097251740637327362(String)
<==    Columns: id, call_no, applicant_id, applicant_code, applicant_name, applicant_dept, qc_staff_id, qc_staff_code, qc_staff_name, reason_id, reason_text, status, return_type, reject_reason, audit_by, audit_time, erp_order_no, wms_order_no, error_msg, wms_enabled, create_time, update_time
<==        Row: 2097251740637327362, TL20260908171234628, 6849, LB202604035, 叶军营, null, 2, LB202604035, 叶军营, 6, 其他, 10, null, null, null, null, null, null, null, 0, 2026-09-08 17:12:34.6280506, 2026-09-08 17:12:34.6280506
<==      Total: 1
Closing non transactional SqlSession [org.apache.ibatis.session.defaults.DefaultSqlSession@4c189873]
Creating a new SqlSession
SqlSession [org.apache.ibatis.session.defaults.DefaultSqlSession@23d6a4fd] was not registered for synchronization because synchronization is not active
JDBC Connection [com.alibaba.druid.pool.DruidStatementConnection@777fe0c5] will not be managed by Spring
==>  Preparing: select * from DB_MATERIAL_CALL_ITEM where CALL_ID = ? order by ORDER_CODE, MATERIAL_CODE
==> Parameters: 2097251740637327362(String)
<==    Columns: ID, CALL_ID, ORDER_CODE, MATERIAL_CODE, MATERIAL_NAME, SPEC, UNIT, QTY, CREATE_TIME
<==        Row: 2097251740792516609, 2097251740637327362, WORK26071390510A, 6270424001, AG2401无刷电机转子轴 (轴胚)5325, AG2401, 支, 30.00, 2026-09-08 17:12:34.6280506
<==      Total: 1
Closing non transactional SqlSession [org.apache.ibatis.session.defaults.DefaultSqlSession@23d6a4fd]
Creating a new SqlSession
SqlSession [org.apache.ibatis.session.defaults.DefaultSqlSession@23a9e80b] was not registered for synchronization because synchronization is not active
JDBC Connection [com.alibaba.druid.pool.DruidStatementConnection@777fe0c5] will not be managed by Spring
==>  Preparing: select * from DB_MATERIAL_CALL_BATCH where CALL_ID = ? order by MATERIAL_CODE, CREATE_TIME
==> Parameters: 2097251740637327362(String)
<==      Total: 0
Closing non transactional SqlSession [org.apache.ibatis.session.defaults.DefaultSqlSession@23a9e80b]
Creating a new SqlSession
SqlSession [org.apache.ibatis.session.defaults.DefaultSqlSession@11b0d365] was not registered for synchronization because synchronization is not active
JDBC Connection [com.alibaba.druid.pool.DruidStatementConnection@777fe0c5] will not be managed by Spring
==>  Preparing: select * from DB_MATERIAL_CALL WHERE APPLICANT_CODE = ? order by CREATE_TIME desc
==> Parameters: LB202604035(String)
<==    Columns: ID, CALL_NO, APPLICANT_ID, APPLICANT_CODE, APPLICANT_NAME, APPLICANT_DEPT, QC_STAFF_ID, QC_STAFF_CODE, QC_STAFF_NAME, REASON_ID, REASON_TEXT, STATUS, RETURN_TYPE, REJECT_REASON, AUDIT_BY, AUDIT_TIME, ERP_ORDER_NO, WMS_ORDER_NO, ERROR_MSG, WMS_ENABLED, CREATE_TIME, UPDATE_TIME
<==        Row: 2097251740637327362, TL20260908171234628, 6849, LB202604035, 叶军营, null, 2, LB202604035, 叶军营, 6, 其他, 10, null, null, null, null, null, null, null, 0, 2026-09-08 17:12:34.6280506, 2026-09-08 17:12:34.6280506
<==      Total: 1
Closing non transactional SqlSession [org.apache.ibatis.session.defaults.DefaultSqlSession@11b0d365]
Creating a new SqlSession
SqlSession [org.apache.ibatis.session.defaults.DefaultSqlSession@762b3542] was not registered for synchronization because synchronization is not active
JDBC Connection [com.alibaba.druid.pool.DruidStatementConnection@777fe0c5] will not be managed by Spring
==>  Preparing: SELECT id,call_id,order_code,material_code,material_name,spec,unit,qty,create_time FROM DB_MATERIAL_CALL_ITEM WHERE (CALL_ID IN (?))
==> Parameters: 2097251740637327362(String)
<==    Columns: id, call_id, order_code, material_code, material_name, spec, unit, qty, create_time
<==        Row: 2097251740792516609, 2097251740637327362, WORK26071390510A, 6270424001, AG2401无刷电机转子轴 (轴胚)5325, AG2401, 支, 30.00, 2026-09-08 17:12:34.6280506
<==      Total: 1
Closing non transactional SqlSession [org.apache.ibatis.session.defaults.DefaultSqlSession@762b3542]
Creating a new SqlSession
SqlSession [org.apache.ibatis.session.defaults.DefaultSqlSession@2e230250] was not registered for synchronization because synchronization is not active
JDBC Connection [com.alibaba.druid.pool.DruidStatementConnection@777fe0c5] will not be managed by Spring
==>  Preparing: select * from DB_MATERIAL_CALL WHERE APPLICANT_CODE = ? order by CREATE_TIME desc
==> Parameters: LB202604035(String)
<==    Columns: ID, CALL_NO, APPLICANT_ID, APPLICANT_CODE, APPLICANT_NAME, APPLICANT_DEPT, QC_STAFF_ID, QC_STAFF_CODE, QC_STAFF_NAME, REASON_ID, REASON_TEXT, STATUS, RETURN_TYPE, REJECT_REASON, AUDIT_BY, AUDIT_TIME, ERP_ORDER_NO, WMS_ORDER_NO, ERROR_MSG, WMS_ENABLED, CREATE_TIME, UPDATE_TIME
<==        Row: 2097251740637327362, TL20260908171234628, 6849, LB202604035, 叶军营, null, 2, LB202604035, 叶军营, 6, 其他, 10, null, null, null, null, null, null, null, 0, 2026-09-08 17:12:34.6280506, 2026-09-08 17:12:34.6280506
<==      Total: 1
Closing non transactional SqlSession [org.apache.ibatis.session.defaults.DefaultSqlSession@2e230250]
Creating a new SqlSession
SqlSession [org.apache.ibatis.session.defaults.DefaultSqlSession@2a1c834c] was not registered for synchronization because synchronization is not active
JDBC Connection [com.alibaba.druid.pool.DruidStatementConnection@777fe0c5] will not be managed by Spring
==>  Preparing: SELECT id,call_id,order_code,material_code,material_name,spec,unit,qty,create_time FROM DB_MATERIAL_CALL_ITEM WHERE (CALL_ID IN (?))
==> Parameters: 2097251740637327362(String)
<==    Columns: id, call_id, order_code, material_code, material_name, spec, unit, qty, create_time
<==        Row: 2097251740792516609, 2097251740637327362, WORK26071390510A, 6270424001, AG2401无刷电机转子轴 (轴胚)5325, AG2401, 支, 30.00, 2026-09-08 17:12:34.6280506
<==      Total: 1
Closing non transactional SqlSession [org.apache.ibatis.session.defaults.DefaultSqlSession@2a1c834c]
Creating a new SqlSession
SqlSession [org.apache.ibatis.session.defaults.DefaultSqlSession@46063023] was not registered for synchronization because synchronization is not active
JDBC Connection [com.alibaba.druid.pool.DruidStatementConnection@777fe0c5] will not be managed by Spring
==>  Preparing: SELECT id,call_no,applicant_id,applicant_code,applicant_name,applicant_dept,qc_staff_id,qc_staff_code,qc_staff_name,reason_id,reason_text,status,return_type,reject_reason,audit_by,audit_time,erp_order_no,wms_order_no,error_msg,wms_enabled,create_time,update_time FROM DB_MATERIAL_CALL WHERE id=?
==> Parameters: 2097251740637327362(String)
<==    Columns: id, call_no, applicant_id, applicant_code, applicant_name, applicant_dept, qc_staff_id, qc_staff_code, qc_staff_name, reason_id, reason_text, status, return_type, reject_reason, audit_by, audit_time, erp_order_no, wms_order_no, error_msg, wms_enabled, create_time, update_time
<==        Row: 2097251740637327362, TL20260908171234628, 6849, LB202604035, 叶军营, null, 2, LB202604035, 叶军营, 6, 其他, 10, null, null, null, null, null, null, null, 0, 2026-09-08 17:12:34.6280506, 2026-09-08 17:12:34.6280506
<==      Total: 1
Closing non transactional SqlSession [org.apache.ibatis.session.defaults.DefaultSqlSession@46063023]
Creating a new SqlSession
SqlSession [org.apache.ibatis.session.defaults.DefaultSqlSession@4239ac3b] was not registered for synchronization because synchronization is not active
JDBC Connection [com.alibaba.druid.pool.DruidStatementConnection@777fe0c5] will not be managed by Spring
==>  Preparing: select * from DB_MATERIAL_CALL_ITEM where CALL_ID = ? order by ORDER_CODE, MATERIAL_CODE
==> Parameters: 2097251740637327362(String)
<==    Columns: ID, CALL_ID, ORDER_CODE, MATERIAL_CODE, MATERIAL_NAME, SPEC, UNIT, QTY, CREATE_TIME
<==        Row: 2097251740792516609, 2097251740637327362, WORK26071390510A, 6270424001, AG2401无刷电机转子轴 (轴胚)5325, AG2401, 支, 30.00, 2026-09-08 17:12:34.6280506
<==      Total: 1
Closing non transactional SqlSession [org.apache.ibatis.session.defaults.DefaultSqlSession@4239ac3b]
Creating a new SqlSession
SqlSession [org.apache.ibatis.session.defaults.DefaultSqlSession@73b3a18] was not registered for synchronization because synchronization is not active
JDBC Connection [com.alibaba.druid.pool.DruidStatementConnection@777fe0c5] will not be managed by Spring
==>  Preparing: select * from DB_MATERIAL_CALL_BATCH where CALL_ID = ? order by MATERIAL_CODE, CREATE_TIME
==> Parameters: 2097251740637327362(String)
<==      Total: 0
Closing non transactional SqlSession [org.apache.ibatis.session.defaults.DefaultSqlSession@73b3a18]
Creating a new SqlSession
SqlSession [org.apache.ibatis.session.defaults.DefaultSqlSession@1ee55459] was not registered for synchronization because synchronization is not active
JDBC Connection [com.alibaba.druid.pool.DruidStatementConnection@777fe0c5] will not be managed by Spring
==>  Preparing: select u.username as staffCode, u.real_name as staffName from sys_user u where u.deleted = 0 and u.status = 1 order by u.id
Creating a new SqlSession
SqlSession [org.apache.ibatis.session.defaults.DefaultSqlSession@3698776a] was not registered for synchronization because synchronization is not active
==> Parameters: 
<==    Columns: staffCode, staffName
<==        Row: admin, 系统管理员
<==        Row: zhangsan, 张三
<==        Row: lisi, 李四
<==        Row: wangwu, 王五
<==        Row: zhaoliu, 赵六
<==        Row: LB202604035, 叶军营
<==      Total: 6
Closing non transactional SqlSession [org.apache.ibatis.session.defaults.DefaultSqlSession@1ee55459]
JDBC Connection [com.alibaba.druid.pool.DruidStatementConnection@777fe0c5] will not be managed by Spring
==>  Preparing: select * from DB_MATERIAL_REASON where REASON_TYPE = ? and ENABLED = 1 order by SORT_NO
==> Parameters: 1(Integer)
<==    Columns: ID, REASON_TYPE, NAME, SORT_NO, ENABLED
<==        Row: 1, 1, 生产超损耗, 1, 1
<==        Row: 2, 1, 订单缺料, 2, 1
<==        Row: 3, 1, 设备故障损耗, 3, 1
<==        Row: 4, 1, 质量不良损耗, 4, 1
<==        Row: 5, 1, 工艺更改, 5, 1
<==        Row: 6, 1, 其他, 9, 1
<==      Total: 6
Closing non transactional SqlSession [org.apache.ibatis.session.defaults.DefaultSqlSession@3698776a]
Creating a new SqlSession
SqlSession [org.apache.ibatis.session.defaults.DefaultSqlSession@5427ca5] was not registered for synchronization because synchronization is not active
JDBC Connection [com.alibaba.druid.pool.DruidStatementConnection@407386e] will not be managed by Spring
==>  Preparing: select * from DB_MATERIAL_CALL where STATUS = 10 and (QC_STAFF_ID = ? or QC_STAFF_CODE = ? or QC_STAFF_NAME = ?) order by CREATE_TIME asc
==> Parameters: LB202604035(String), LB202604035(String), LB202604035(String)
<==    Columns: ID, CALL_NO, APPLICANT_ID, APPLICANT_CODE, APPLICANT_NAME, APPLICANT_DEPT, QC_STAFF_ID, QC_STAFF_CODE, QC_STAFF_NAME, REASON_ID, REASON_TEXT, STATUS, RETURN_TYPE, REJECT_REASON, AUDIT_BY, AUDIT_TIME, ERP_ORDER_NO, WMS_ORDER_NO, ERROR_MSG, WMS_ENABLED, CREATE_TIME, UPDATE_TIME
<==        Row: 2097229774001803266, TL20260908154517382, 5642, LB202506020, 余锋, null, 2, LB202604035, 叶军营, 6, 其他, 10, null, null, null, null, null, null, null, 0, 2026-09-08 15:45:17.3826051, 2026-09-08 15:45:17.3826051
<==        Row: 2097251740637327362, TL20260908171234628, 6849, LB202604035, 叶军营, null, 2, LB202604035, 叶军营, 6, 其他, 10, null, null, null, null, null, null, null, 0, 2026-09-08 17:12:34.6280506, 2026-09-08 17:12:34.6280506
<==      Total: 2
Closing non transactional SqlSession [org.apache.ibatis.session.defaults.DefaultSqlSession@5427ca5]
Creating a new SqlSession
SqlSession [org.apache.ibatis.session.defaults.DefaultSqlSession@4c86cb00] was not registered for synchronization because synchronization is not active
JDBC Connection [com.alibaba.druid.pool.DruidStatementConnection@407386e] will not be managed by Spring
==>  Preparing: SELECT id,call_id,order_code,material_code,material_name,spec,unit,qty,create_time FROM DB_MATERIAL_CALL_ITEM WHERE (CALL_ID IN (?,?))
==> Parameters: 2097229774001803266(String), 2097251740637327362(String)
<==    Columns: id, call_id, order_code, material_code, material_name, spec, unit, qty, create_time
<==        Row: 2097229774148603906, 2097229774001803266, WORK26071390516A, 9000020015, 矽钢片（宝钢）W161, 1009 1029 2016, 千克, 13.29, 2026-09-08 15:45:17.3826051
<==        Row: 2097251740792516609, 2097251740637327362, WORK26071390510A, 6270424001, AG2401无刷电机转子轴 (轴胚)5325, AG2401, 支, 30.00, 2026-09-08 17:12:34.6280506
<==      Total: 2
Closing non transactional SqlSession [org.apache.ibatis.session.defaults.DefaultSqlSession@4c86cb00]
2026-09-09T08:07:52.921+08:00  INFO 36704 --- [eb-service-task] [nio-8081-exec-3] c.e.brain.task.service.KingdeeService    : [Kingdee] 登录响应: {"Message":"用户密码在931天后到期，需要现在修改密码？","MessageCode":"CheckPasswordPolicy","LoginResultType":1,"Context":{"UserLocale":"zh-CN","LogLocale":"zh-CN","DBid":"6a4f210a7a84ea","DatabaseType":3,"SessionId":"0b2r43iuzea1cy0x10z0imnx","UseLanguages":[{"LocaleId":2052,"LocaleName":"中文(简体)","Alias":"CN","LicenseType":0}],"UserId":2090549,"UserName":"叶军营","CustomName":"华丽电器制造有限公司","DisplayVersion":"9.0.434.12","DataCenterName":"货主测试","UserToken":"ad7d5757-d262-4c30-8aa3-4d1271b20c2e","CurrentOrganizationInfo"...(truncated)
2026-09-09T08:07:52.933+08:00  INFO 36704 --- [eb-service-task] [nio-8081-exec-3] c.e.brain.task.service.KingdeeService    : [Kingdee] 登录成功 kdservice-sessionid=621ed573-4365-4d2c-8fd0-1562a88a68f8 ASP.NET_SessionId=0b2r43iuzea1cy0x10z0imnx
2026-09-09T08:07:58.217+08:00  INFO 36704 --- [eb-service-task] [nio-8081-exec-3] c.e.brain.task.service.KingdeeService    : [Kingdee] ExecuteBillQuery(PRD_MO) 响应: [["WORK26071390516A","2026-07-09T00:00:00","2026-07-09T00:00:00",0.0,92.0000000000,"4","5760009801","1029转子铁芯(Ф32×Ф12×h55)宝钢-半成品","100",1001544]]
2026-09-09T08:07:58.347+08:00  INFO 36704 --- [eb-service-task] [nio-8081-exec-3] c.e.brain.task.service.KingdeeService    : [Kingdee] ExecuteBillQuery(PRD_MO) 响应: [["WORK26071390510A","2026-07-09T00:00:00","2026-07-09T00:00:00",0.0,30.0000000000,"4","6270036001","5325无刷电机转子轴-AG2401（成品)","100",1001537]]
Creating a new SqlSession
SqlSession [org.apache.ibatis.session.defaults.DefaultSqlSession@5ef794d2] was not registered for synchronization because synchronization is not active
JDBC Connection [com.alibaba.druid.pool.DruidStatementConnection@407386e] will not be managed by Spring
==>  Preparing: SELECT id,call_no,applicant_id,applicant_code,applicant_name,applicant_dept,qc_staff_id,qc_staff_code,qc_staff_name,reason_id,reason_text,status,return_type,reject_reason,audit_by,audit_time,erp_order_no,wms_order_no,error_msg,wms_enabled,create_time,update_time FROM DB_MATERIAL_CALL WHERE id=?
==> Parameters: 2097229774001803266(String)
<==    Columns: id, call_no, applicant_id, applicant_code, applicant_name, applicant_dept, qc_staff_id, qc_staff_code, qc_staff_name, reason_id, reason_text, status, return_type, reject_reason, audit_by, audit_time, erp_order_no, wms_order_no, error_msg, wms_enabled, create_time, update_time
<==        Row: 2097229774001803266, TL20260908154517382, 5642, LB202506020, 余锋, null, 2, LB202604035, 叶军营, 6, 其他, 10, null, null, null, null, null, null, null, 0, 2026-09-08 15:45:17.3826051, 2026-09-08 15:45:17.3826051
<==      Total: 1
Closing non transactional SqlSession [org.apache.ibatis.session.defaults.DefaultSqlSession@5ef794d2]
Creating a new SqlSession
SqlSession [org.apache.ibatis.session.defaults.DefaultSqlSession@13672c05] was not registered for synchronization because synchronization is not active
JDBC Connection [com.alibaba.druid.pool.DruidStatementConnection@407386e] will not be managed by Spring
==>  Preparing: UPDATE DB_MATERIAL_CALL SET status=?,update_time=?,return_type=?,audit_by=?,audit_time=?,error_msg=? WHERE (id = ? AND status = ?)
==> Parameters: 20(Integer), 2026-09-09T08:08:24.358883300(LocalDateTime), 1(Integer), 叶军营(String), 2026-09-09T08:08:24.358883300(LocalDateTime), null, 2097229774001803266(String), 10(Integer)
<==    Updates: 1
Closing non transactional SqlSession [org.apache.ibatis.session.defaults.DefaultSqlSession@13672c05]
Creating a new SqlSession
SqlSession [org.apache.ibatis.session.defaults.DefaultSqlSession@2f1cdaa] was not registered for synchronization because synchronization is not active
JDBC Connection [com.alibaba.druid.pool.DruidStatementConnection@407386e] will not be managed by Spring
==>  Preparing: select * from DB_MATERIAL_CALL_ITEM where CALL_ID = ? order by ORDER_CODE, MATERIAL_CODE
==> Parameters: 2097229774001803266(String)
<==    Columns: ID, CALL_ID, ORDER_CODE, MATERIAL_CODE, MATERIAL_NAME, SPEC, UNIT, QTY, CREATE_TIME
<==        Row: 2097229774148603906, 2097229774001803266, WORK26071390516A, 9000020015, 矽钢片（宝钢）W161, 1009 1029 2016, 千克, 13.29, 2026-09-08 15:45:17.3826051
<==      Total: 1
Closing non transactional SqlSession [org.apache.ibatis.session.defaults.DefaultSqlSession@2f1cdaa]
2026-09-09T08:08:25.036+08:00  INFO 36704 --- [eb-service-task] [nio-8081-exec-4] c.e.brain.task.service.KingdeeService    : [Kingdee] ExecuteBillQuery(STK_Inventory) 响应: [["9000020015","100","20260519","004.001","矽钢片原材料仓库",119.7788000000]]
Creating a new SqlSession
SqlSession [org.apache.ibatis.session.defaults.DefaultSqlSession@3c02d6f6] was not registered for synchronization because synchronization is not active
JDBC Connection [com.alibaba.druid.pool.DruidStatementConnection@407386e] will not be managed by Spring
==>  Preparing: select b.MATERIAL_CODE as materialCode, b.BATCH_NO as batchNo, sum(b.QTY) as qty from DB_MATERIAL_CALL_BATCH b join DB_MATERIAL_CALL c on c.ID = b.CALL_ID where c.STATUS in (20,30,31,40,41,50) and b.RESERVED = 1 group by b.MATERIAL_CODE, b.BATCH_NO
==> Parameters: 
<==      Total: 0
Closing non transactional SqlSession [org.apache.ibatis.session.defaults.DefaultSqlSession@3c02d6f6]
Creating a new SqlSession
SqlSession [org.apache.ibatis.session.defaults.DefaultSqlSession@249519c5] was not registered for synchronization because synchronization is not active
JDBC Connection [com.alibaba.druid.pool.DruidStatementConnection@407386e] will not be managed by Spring
==>  Preparing: INSERT INTO DB_MATERIAL_CALL_BATCH ( id, call_id, call_item_id, material_code, batch_no, warehouse, warehouse_code, stock_org, qty, wms_flag, reserved, create_time ) VALUES ( ?, ?, ?, ?, ?, ?, ?, ?, ?, ?, ?, ? )
==> Parameters: 2097477186066874370(String), 2097229774001803266(String), 2097229774148603906(String), 9000020015(String), 20260519(String), 矽钢片原材料仓库(String), 004.001(String), 100(String), 13.29(BigDecimal), 0(Integer), 1(Integer), 2026-09-09T08:08:25.051619400(LocalDateTime)
<==    Updates: 1
Closing non transactional SqlSession [org.apache.ibatis.session.defaults.DefaultSqlSession@249519c5]
Creating a new SqlSession
SqlSession [org.apache.ibatis.session.defaults.DefaultSqlSession@4d51f9b2] was not registered for synchronization because synchronization is not active
JDBC Connection [com.alibaba.druid.pool.DruidStatementConnection@407386e] will not be managed by Spring
==>  Preparing: UPDATE DB_MATERIAL_CALL SET status=?,update_time=? WHERE (id = ? AND status = ?)
==> Parameters: 30(Integer), 2026-09-09T08:08:25.064365100(LocalDateTime), 2097229774001803266(String), 20(Integer)
<==    Updates: 1
Closing non transactional SqlSession [org.apache.ibatis.session.defaults.DefaultSqlSession@4d51f9b2]
Creating a new SqlSession
SqlSession [org.apache.ibatis.session.defaults.DefaultSqlSession@3fcdf1d] was not registered for synchronization because synchronization is not active
JDBC Connection [com.alibaba.druid.pool.DruidStatementConnection@407386e] will not be managed by Spring
==>  Preparing: SELECT id,call_no,applicant_id,applicant_code,applicant_name,applicant_dept,qc_staff_id,qc_staff_code,qc_staff_name,reason_id,reason_text,status,return_type,reject_reason,audit_by,audit_time,erp_order_no,wms_order_no,error_msg,wms_enabled,create_time,update_time FROM DB_MATERIAL_CALL WHERE id=?
==> Parameters: 2097229774001803266(String)
<==    Columns: id, call_no, applicant_id, applicant_code, applicant_name, applicant_dept, qc_staff_id, qc_staff_code, qc_staff_name, reason_id, reason_text, status, return_type, reject_reason, audit_by, audit_time, erp_order_no, wms_order_no, error_msg, wms_enabled, create_time, update_time
<==        Row: 2097229774001803266, TL20260908154517382, 5642, LB202506020, 余锋, null, 2, LB202604035, 叶军营, 6, 其他, 30, 1, null, 叶军营, 2026-09-09 08:08:24.3588833, null, null, null, 0, 2026-09-08 15:45:17.3826051, 2026-09-09 08:08:25.0643651
<==      Total: 1
Closing non transactional SqlSession [org.apache.ibatis.session.defaults.DefaultSqlSession@3fcdf1d]
2026-09-09T08:08:26.451+08:00  INFO 36704 --- [eb-service-task] [nio-8081-exec-4] c.e.brain.task.service.KingdeeService    : [Kingdee] View(PRD_MO) 响应: {"Result":{"ResponseStatus":{"IsSuccess":true},"Result":{"Id":1001544,"FFormId":"PRD_MO","BillNo":"WORK26071390516A","DocumentStatus":"C","ApproverId_Id":2090549,"ApproverId":{"Id":2090549,"Name":"叶军营","UserAccount":"叶军营"},"ApproveDate":"2026-09-08T15:35:24.91","ModifierId_Id":1754824,"ModifierId":{"Id":1754824,"Name":"付冰冰","UserAccount":"付冰冰"},"CreateDate":"2026-07-09T15:13:23.173","CreatorId_Id":1754824,"CreatorId":{"Id":1754824,"Name":"付冰冰","UserAccount":"付冰冰"},"ModifyDate":"2026-07-09T15:13:23.173","CancelDate":null,"CANCELER_Id":0,"CANCELER":null,"CancelStatus":"A","MultiLanguageText":[],"Description":[],"BillType_Id":"63ec6c3136c87c","BillType":{"Id":"63ec6c3136c87c","MultiLanguageText":[{"PkId":"63ec6c3136c87d","LocaleId":2052,"Name":"直接入库-委外生产"}],"Name":[{"Key":2052,"Value":"直接入库-委外生产"}],"Number":"SCDD12_SYS"},"Trustteed":false,"WorkShopID_Id":0,"WorkShopID":null,"PrdOrgId_Id":1,"PrdOrgId":{"Id":1,"MultiLanguageText":[{"PkId":1,"LocaleId":2052,"Name":"华丽电器制造有限公司-华丽厂区"},{"PkId":100001,"LocaleId":1033,"Name":" "},{"PkId":100002,"LocaleId":3076,"Name":" "}],"Name":[{"Key":2052,"Value":"华丽电器制造有限公司-华丽厂区"},{"Key":1033,"Value":" "},{"Key":3076,"Value":" "}],"Number":"100"},"PlannerID_Id":243436,"PlannerID":{"Id":243436,"msterID":243436,"MultiLanguageText":[{"PkId":100024,"LocaleId":2052,"Name":"汤苏芬"}],"Name":[{"Key":2052,"Value":"汤苏芬"}],"Number":"HL201209016","DEPTID_Id":231820,"DEPTID":{"Id":231820,"msterID":231820,"Number":"1007","MultiLanguageText":[{"PkId":100037,"LocaleId":2052,"Name":"计划部"}],"Name":[{"Key":2052,"Value":"计划部"}]},"BD_PLANNERENTRY":[]},"Date":"2026-07-09T00:00:00","OwnerTypeId":"BD_OwnerOrg","OwnerId_Id":1046616,"OwnerId":{"Id":1046616,"msterID":1046616,"MultiLanguageText":[{"PkId":100004,"LocaleId":2052,"Name":"华丽电器-桐琴工厂"}],"Name":[{"Key":2052,"Value":"华丽电器-桐琴工厂"}],"Number":"102"},"WorkGroupId_Id":0,"WorkGroupId":null,"BusinessType":"1","IsRework":false,"IsEntrust":false,"ENTrustOrgId_Id":0,"ENTrustOrgId":null,"PPBOMType":"1","IssueMtrl":false,...(truncated)
2026-09-09T08:08:30.769+08:00  INFO 36704 --- [eb-service-task] [nio-8081-exec-4] c.e.brain.task.service.KingdeeService    : [Kingdee] ExecuteBillQuery(PRD_PPBOM) 响应: [["WORK26071390516A","9000020015","矽钢片（宝钢）W161","1009 1029 2016",13.2940000000,"kg","千克",0.0],["WORK26071390516A","9000020015","矽钢片（宝钢）W161","1009 1029 2016",13.3418590000,"kg","千克",0.0]]
2026-09-09T08:08:56.911+08:00  INFO 36704 --- [eb-service-task] [nio-8081-exec-4] c.e.brain.task.service.KingdeeService    : [Kingdee] Save(PRD_ReturnMtrl) 响应: {"Result":{"ResponseStatus":{"IsSuccess":true,"Errors":[],"SuccessEntitys":[{"Id":105735,"Number":"SCTL00005531","DIndex":0}],"SuccessMessages":[],"MsgCode":0},"Id":105735,"Number":"SCTL00005531","NeedReturnData":[{"FID":105735,"FBillNo":"SCTL00005531"}]}}
2026-09-09T08:08:57.801+08:00  INFO 36704 --- [eb-service-task] [nio-8081-exec-4] c.e.brain.task.service.KingdeeService    : [Kingdee] Submit(PRD_ReturnMtrl,SCTL00005531) 响应: {"Result":{"ResponseStatus":{"IsSuccess":true,"Errors":[],"SuccessEntitys":[{"Id":105735,"Number":"SCTL00005531","DIndex":0}],"SuccessMessages":[],"MsgCode":0}}}
2026-09-09T08:09:00.718+08:00  INFO 36704 --- [eb-service-task] [nio-8081-exec-4] c.e.brain.task.service.KingdeeService    : [Kingdee] Audit(PRD_ReturnMtrl,SCTL00005531) 响应: {"Result":{"ResponseStatus":{"IsSuccess":true,"Errors":[],"SuccessEntitys":[{"Id":105735,"Number":"SCTL00005531","DIndex":0}],"SuccessMessages":[],"MsgCode":0}}}
Creating a new SqlSession
SqlSession [org.apache.ibatis.session.defaults.DefaultSqlSession@3540be54] was not registered for synchronization because synchronization is not active
JDBC Connection [com.alibaba.druid.pool.DruidStatementConnection@407386e] will not be managed by Spring
==>  Preparing: UPDATE DB_MATERIAL_CALL SET status=?,update_time=?,erp_order_no=?,error_msg=? WHERE (id = ? AND status = ?)
==> Parameters: 40(Integer), 2026-09-09T08:09:00.721781500(LocalDateTime), SCTL00005531(String), null, 2097229774001803266(String), 30(Integer)
<==    Updates: 1
Closing non transactional SqlSession [org.apache.ibatis.session.defaults.DefaultSqlSession@3540be54]
2026-09-09T08:09:00.745+08:00  INFO 36704 --- [eb-service-task] [nio-8081-exec-4] c.e.b.t.service.MaterialMessageService   : [MaterialMsg] scene=audit-pass receiver=余锋 content=补退料申请 TL20260908154517382 已审核通过

金蝶退料单号：SCTL00005531
2026-09-09T08:09:00.745+08:00  INFO 36704 --- [eb-service-task] [nio-8081-exec-4] c.e.b.t.service.MaterialMessageService   : [MaterialMsg] 钉钉未配置webhook，消息已降级为日志记录
Creating a new SqlSession
SqlSession [org.apache.ibatis.session.defaults.DefaultSqlSession@1c91c3b0] was not registered for synchronization because synchronization is not active
JDBC Connection [com.alibaba.druid.pool.DruidStatementConnection@407386e] will not be managed by Spring
==>  Preparing: SELECT id,call_no,applicant_id,applicant_code,applicant_name,applicant_dept,qc_staff_id,qc_staff_code,qc_staff_name,reason_id,reason_text,status,return_type,reject_reason,audit_by,audit_time,erp_order_no,wms_order_no,error_msg,wms_enabled,create_time,update_time FROM DB_MATERIAL_CALL WHERE id=?
==> Parameters: 2097229774001803266(String)
<==    Columns: id, call_no, applicant_id, applicant_code, applicant_name, applicant_dept, qc_staff_id, qc_staff_code, qc_staff_name, reason_id, reason_text, status, return_type, reject_reason, audit_by, audit_time, erp_order_no, wms_order_no, error_msg, wms_enabled, create_time, update_time
<==        Row: 2097229774001803266, TL20260908154517382, 5642, LB202506020, 余锋, null, 2, LB202604035, 叶军营, 6, 其他, 40, 1, null, 叶军营, 2026-09-09 08:08:24.3588833, SCTL00005531, null, null, 0, 2026-09-08 15:45:17.3826051, 2026-09-09 08:09:00.7217815
<==      Total: 1
Closing non transactional SqlSession [org.apache.ibatis.session.defaults.DefaultSqlSession@1c91c3b0]
Creating a new SqlSession
SqlSession [org.apache.ibatis.session.defaults.DefaultSqlSession@4686c63c] was not registered for synchronization because synchronization is not active
JDBC Connection [com.alibaba.druid.pool.DruidStatementConnection@407386e] will not be managed by Spring
==>  Preparing: select * from DB_MATERIAL_CALL_BATCH where CALL_ID = ? order by MATERIAL_CODE, CREATE_TIME
==> Parameters: 2097229774001803266(String)
<==    Columns: ID, CALL_ID, CALL_ITEM_ID, MATERIAL_CODE, BATCH_NO, LOCATION_CODE, WAREHOUSE, QTY, WMS_FLAG, RESERVED, CREATE_TIME, WAREHOUSE_CODE, STOCK_ORG
<==        Row: 2097477186066874370, 2097229774001803266, 2097229774148603906, 9000020015, 20260519, null, 矽钢片原材料仓库, 13.29, 0, 1, 2026-09-09 08:08:25.0516194, 004.001, 100
<==      Total: 1
Closing non transactional SqlSession [org.apache.ibatis.session.defaults.DefaultSqlSession@4686c63c]
Creating a new SqlSession
SqlSession [org.apache.ibatis.session.defaults.DefaultSqlSession@66518c42] was not registered for synchronization because synchronization is not active
JDBC Connection [com.alibaba.druid.pool.DruidStatementConnection@407386e] will not be managed by Spring
==>  Preparing: UPDATE DB_MATERIAL_CALL SET status=?,update_time=? WHERE (id = ? AND status = ?)
==> Parameters: 99(Integer), 2026-09-09T08:09:00.762785500(LocalDateTime), 2097229774001803266(String), 40(Integer)
<==    Updates: 1
Closing non transactional SqlSession [org.apache.ibatis.session.defaults.DefaultSqlSession@66518c42]
Creating a new SqlSession
SqlSession [org.apache.ibatis.session.defaults.DefaultSqlSession@33315dcd] was not registered for synchronization because synchronization is not active
JDBC Connection [com.alibaba.druid.pool.DruidStatementConnection@407386e] will not be managed by Spring
==>  Preparing: select * from DB_MATERIAL_CALL where STATUS = 10 and (QC_STAFF_ID = ? or QC_STAFF_CODE = ? or QC_STAFF_NAME = ?) order by CREATE_TIME asc
==> Parameters: LB202604035(String), LB202604035(String), LB202604035(String)
<==    Columns: ID, CALL_NO, APPLICANT_ID, APPLICANT_CODE, APPLICANT_NAME, APPLICANT_DEPT, QC_STAFF_ID, QC_STAFF_CODE, QC_STAFF_NAME, REASON_ID, REASON_TEXT, STATUS, RETURN_TYPE, REJECT_REASON, AUDIT_BY, AUDIT_TIME, ERP_ORDER_NO, WMS_ORDER_NO, ERROR_MSG, WMS_ENABLED, CREATE_TIME, UPDATE_TIME
<==        Row: 2097251740637327362, TL20260908171234628, 6849, LB202604035, 叶军营, null, 2, LB202604035, 叶军营, 6, 其他, 10, null, null, null, null, null, null, null, 0, 2026-09-08 17:12:34.6280506, 2026-09-08 17:12:34.6280506
<==      Total: 1
Closing non transactional SqlSession [org.apache.ibatis.session.defaults.DefaultSqlSession@33315dcd]
Creating a new SqlSession
SqlSession [org.apache.ibatis.session.defaults.DefaultSqlSession@5096eea] was not registered for synchronization because synchronization is not active
JDBC Connection [com.alibaba.druid.pool.DruidStatementConnection@407386e] will not be managed by Spring
==>  Preparing: SELECT id,call_id,order_code,material_code,material_name,spec,unit,qty,create_time FROM DB_MATERIAL_CALL_ITEM WHERE (CALL_ID IN (?))
==> Parameters: 2097251740637327362(String)
<==    Columns: id, call_id, order_code, material_code, material_name, spec, unit, qty, create_time
<==        Row: 2097251740792516609, 2097251740637327362, WORK26071390510A, 6270424001, AG2401无刷电机转子轴 (轴胚)5325, AG2401, 支, 30.00, 2026-09-08 17:12:34.6280506
<==      Total: 1
Closing non transactional SqlSession [org.apache.ibatis.session.defaults.DefaultSqlSession@5096eea]
2026-09-09T08:09:14.557+08:00  INFO 36704 --- [eb-service-task] [nio-8081-exec-5] c.e.brain.task.service.KingdeeService    : [Kingdee] ExecuteBillQuery(PRD_MO) 响应: [["WORK26071390510A","2026-07-09T00:00:00","2026-07-09T00:00:00",0.0,30.0000000000,"4","6270036001","5325无刷电机转子轴-AG2401（成品)","100",1001537]]
Creating a new SqlSession
SqlSession [org.apache.ibatis.session.defaults.DefaultSqlSession@2c68e2ba] was not registered for synchronization because synchronization is not active
JDBC Connection [com.alibaba.druid.pool.DruidStatementConnection@407386e] will not be managed by Spring
==>  Preparing: select * from DB_MATERIAL_CALL WHERE APPLICANT_CODE = ? order by CREATE_TIME desc
==> Parameters: LB202604035(String)
<==    Columns: ID, CALL_NO, APPLICANT_ID, APPLICANT_CODE, APPLICANT_NAME, APPLICANT_DEPT, QC_STAFF_ID, QC_STAFF_CODE, QC_STAFF_NAME, REASON_ID, REASON_TEXT, STATUS, RETURN_TYPE, REJECT_REASON, AUDIT_BY, AUDIT_TIME, ERP_ORDER_NO, WMS_ORDER_NO, ERROR_MSG, WMS_ENABLED, CREATE_TIME, UPDATE_TIME
<==        Row: 2097251740637327362, TL20260908171234628, 6849, LB202604035, 叶军营, null, 2, LB202604035, 叶军营, 6, 其他, 10, null, null, null, null, null, null, null, 0, 2026-09-08 17:12:34.6280506, 2026-09-08 17:12:34.6280506
<==      Total: 1
Closing non transactional SqlSession [org.apache.ibatis.session.defaults.DefaultSqlSession@2c68e2ba]
Creating a new SqlSession
SqlSession [org.apache.ibatis.session.defaults.DefaultSqlSession@140bef2e] was not registered for synchronization because synchronization is not active
JDBC Connection [com.alibaba.druid.pool.DruidStatementConnection@407386e] will not be managed by Spring
==>  Preparing: SELECT id,call_id,order_code,material_code,material_name,spec,unit,qty,create_time FROM DB_MATERIAL_CALL_ITEM WHERE (CALL_ID IN (?))
==> Parameters: 2097251740637327362(String)
<==    Columns: id, call_id, order_code, material_code, material_name, spec, unit, qty, create_time
<==        Row: 2097251740792516609, 2097251740637327362, WORK26071390510A, 6270424001, AG2401无刷电机转子轴 (轴胚)5325, AG2401, 支, 30.00, 2026-09-08 17:12:34.6280506
<==      Total: 1
Closing non transactional SqlSession [org.apache.ibatis.session.defaults.DefaultSqlSession@140bef2e]
Creating a new SqlSession
SqlSession [org.apache.ibatis.session.defaults.DefaultSqlSession@2390dd52] was not registered for synchronization because synchronization is not active
JDBC Connection [com.alibaba.druid.pool.DruidStatementConnection@407386e] will not be managed by Spring
==>  Preparing: select * from DB_MATERIAL_CALL where STATUS = 10 and (QC_STAFF_ID = ? or QC_STAFF_CODE = ? or QC_STAFF_NAME = ?) order by CREATE_TIME asc
==> Parameters: LB202604035(String), LB202604035(String), LB202604035(String)
<==    Columns: ID, CALL_NO, APPLICANT_ID, APPLICANT_CODE, APPLICANT_NAME, APPLICANT_DEPT, QC_STAFF_ID, QC_STAFF_CODE, QC_STAFF_NAME, REASON_ID, REASON_TEXT, STATUS, RETURN_TYPE, REJECT_REASON, AUDIT_BY, AUDIT_TIME, ERP_ORDER_NO, WMS_ORDER_NO, ERROR_MSG, WMS_ENABLED, CREATE_TIME, UPDATE_TIME
<==        Row: 2097251740637327362, TL20260908171234628, 6849, LB202604035, 叶军营, null, 2, LB202604035, 叶军营, 6, 其他, 10, null, null, null, null, null, null, null, 0, 2026-09-08 17:12:34.6280506, 2026-09-08 17:12:34.6280506
<==      Total: 1
Closing non transactional SqlSession [org.apache.ibatis.session.defaults.DefaultSqlSession@2390dd52]
Creating a new SqlSession
SqlSession [org.apache.ibatis.session.defaults.DefaultSqlSession@4f95809b] was not registered for synchronization because synchronization is not active
JDBC Connection [com.alibaba.druid.pool.DruidStatementConnection@407386e] will not be managed by Spring
==>  Preparing: SELECT id,call_id,order_code,material_code,material_name,spec,unit,qty,create_time FROM DB_MATERIAL_CALL_ITEM WHERE (CALL_ID IN (?))
==> Parameters: 2097251740637327362(String)
<==    Columns: id, call_id, order_code, material_code, material_name, spec, unit, qty, create_time
<==        Row: 2097251740792516609, 2097251740637327362, WORK26071390510A, 6270424001, AG2401无刷电机转子轴 (轴胚)5325, AG2401, 支, 30.00, 2026-09-08 17:12:34.6280506
<==      Total: 1
Closing non transactional SqlSession [org.apache.ibatis.session.defaults.DefaultSqlSession@4f95809b]
2026-09-09T08:09:21.661+08:00  INFO 36704 --- [eb-service-task] [nio-8081-exec-7] c.e.brain.task.service.KingdeeService    : [Kingdee] ExecuteBillQuery(PRD_MO) 响应: [["WORK26071390510A","2026-07-09T00:00:00","2026-07-09T00:00:00",0.0,30.0000000000,"4","6270036001","5325无刷电机转子轴-AG2401（成品)","100",1001537]]
Creating a new SqlSession
SqlSession [org.apache.ibatis.session.defaults.DefaultSqlSession@30a22611] was not registered for synchronization because synchronization is not active
JDBC Connection [com.alibaba.druid.pool.DruidStatementConnection@407386e] will not be managed by Spring
==>  Preparing: SELECT id,call_no,applicant_id,applicant_code,applicant_name,applicant_dept,qc_staff_id,qc_staff_code,qc_staff_name,reason_id,reason_text,status,return_type,reject_reason,audit_by,audit_time,erp_order_no,wms_order_no,error_msg,wms_enabled,create_time,update_time FROM DB_MATERIAL_CALL WHERE id=?
==> Parameters: 2097251740637327362(String)
<==    Columns: id, call_no, applicant_id, applicant_code, applicant_name, applicant_dept, qc_staff_id, qc_staff_code, qc_staff_name, reason_id, reason_text, status, return_type, reject_reason, audit_by, audit_time, erp_order_no, wms_order_no, error_msg, wms_enabled, create_time, update_time
<==        Row: 2097251740637327362, TL20260908171234628, 6849, LB202604035, 叶军营, null, 2, LB202604035, 叶军营, 6, 其他, 10, null, null, null, null, null, null, null, 0, 2026-09-08 17:12:34.6280506, 2026-09-08 17:12:34.6280506
<==      Total: 1
Closing non transactional SqlSession [org.apache.ibatis.session.defaults.DefaultSqlSession@30a22611]
Creating a new SqlSession
SqlSession [org.apache.ibatis.session.defaults.DefaultSqlSession@1f0c8462] was not registered for synchronization because synchronization is not active
JDBC Connection [com.alibaba.druid.pool.DruidStatementConnection@407386e] will not be managed by Spring
==>  Preparing: UPDATE DB_MATERIAL_CALL SET status=?,update_time=?,return_type=?,audit_by=?,audit_time=?,error_msg=? WHERE (id = ? AND status = ?)
==> Parameters: 20(Integer), 2026-09-09T08:09:32.283668700(LocalDateTime), 1(Integer), 叶军营(String), 2026-09-09T08:09:32.283668700(LocalDateTime), null, 2097251740637327362(String), 10(Integer)
<==    Updates: 1
Closing non transactional SqlSession [org.apache.ibatis.session.defaults.DefaultSqlSession@1f0c8462]
Creating a new SqlSession
SqlSession [org.apache.ibatis.session.defaults.DefaultSqlSession@4fb8d769] was not registered for synchronization because synchronization is not active
JDBC Connection [com.alibaba.druid.pool.DruidStatementConnection@407386e] will not be managed by Spring
==>  Preparing: select * from DB_MATERIAL_CALL_ITEM where CALL_ID = ? order by ORDER_CODE, MATERIAL_CODE
==> Parameters: 2097251740637327362(String)
<==    Columns: ID, CALL_ID, ORDER_CODE, MATERIAL_CODE, MATERIAL_NAME, SPEC, UNIT, QTY, CREATE_TIME
<==        Row: 2097251740792516609, 2097251740637327362, WORK26071390510A, 6270424001, AG2401无刷电机转子轴 (轴胚)5325, AG2401, 支, 30.00, 2026-09-08 17:12:34.6280506
<==      Total: 1
Closing non transactional SqlSession [org.apache.ibatis.session.defaults.DefaultSqlSession@4fb8d769]
2026-09-09T08:09:32.348+08:00  INFO 36704 --- [eb-service-task] [nio-8081-exec-8] c.e.brain.task.service.KingdeeService    : [Kingdee] ExecuteBillQuery(STK_Inventory) 响应: [["6270424001","100","20260706","0013","电机转子轴仓",9000.0000000000]]
Creating a new SqlSession
SqlSession [org.apache.ibatis.session.defaults.DefaultSqlSession@61562d04] was not registered for synchronization because synchronization is not active
JDBC Connection [com.alibaba.druid.pool.DruidStatementConnection@407386e] will not be managed by Spring
==>  Preparing: select b.MATERIAL_CODE as materialCode, b.BATCH_NO as batchNo, sum(b.QTY) as qty from DB_MATERIAL_CALL_BATCH b join DB_MATERIAL_CALL c on c.ID = b.CALL_ID where c.STATUS in (20,30,31,40,41,50) and b.RESERVED = 1 group by b.MATERIAL_CODE, b.BATCH_NO
==> Parameters: 
<==      Total: 0
Closing non transactional SqlSession [org.apache.ibatis.session.defaults.DefaultSqlSession@61562d04]
Creating a new SqlSession
SqlSession [org.apache.ibatis.session.defaults.DefaultSqlSession@ec62adc] was not registered for synchronization because synchronization is not active
JDBC Connection [com.alibaba.druid.pool.DruidStatementConnection@407386e] will not be managed by Spring
==>  Preparing: INSERT INTO DB_MATERIAL_CALL_BATCH ( id, call_id, call_item_id, material_code, batch_no, warehouse, warehouse_code, stock_org, qty, wms_flag, reserved, create_time ) VALUES ( ?, ?, ?, ?, ?, ?, ?, ?, ?, ?, ?, ? )
==> Parameters: 2097477468343533569(String), 2097251740637327362(String), 2097251740792516609(String), 6270424001(String), 20260706(String), 电机转子轴仓(String), 0013(String), 100(String), 30.00(BigDecimal), 0(Integer), 1(Integer), 2026-09-09T08:09:32.358883800(LocalDateTime)
<==    Updates: 1
Closing non transactional SqlSession [org.apache.ibatis.session.defaults.DefaultSqlSession@ec62adc]
Creating a new SqlSession
SqlSession [org.apache.ibatis.session.defaults.DefaultSqlSession@592d6d6c] was not registered for synchronization because synchronization is not active
JDBC Connection [com.alibaba.druid.pool.DruidStatementConnection@407386e] will not be managed by Spring
==>  Preparing: UPDATE DB_MATERIAL_CALL SET status=?,update_time=? WHERE (id = ? AND status = ?)
==> Parameters: 30(Integer), 2026-09-09T08:09:32.366883200(LocalDateTime), 2097251740637327362(String), 20(Integer)
<==    Updates: 1
Closing non transactional SqlSession [org.apache.ibatis.session.defaults.DefaultSqlSession@592d6d6c]
Creating a new SqlSession
SqlSession [org.apache.ibatis.session.defaults.DefaultSqlSession@49c3b2] was not registered for synchronization because synchronization is not active
JDBC Connection [com.alibaba.druid.pool.DruidStatementConnection@407386e] will not be managed by Spring
==>  Preparing: SELECT id,call_no,applicant_id,applicant_code,applicant_name,applicant_dept,qc_staff_id,qc_staff_code,qc_staff_name,reason_id,reason_text,status,return_type,reject_reason,audit_by,audit_time,erp_order_no,wms_order_no,error_msg,wms_enabled,create_time,update_time FROM DB_MATERIAL_CALL WHERE id=?
==> Parameters: 2097251740637327362(String)
<==    Columns: id, call_no, applicant_id, applicant_code, applicant_name, applicant_dept, qc_staff_id, qc_staff_code, qc_staff_name, reason_id, reason_text, status, return_type, reject_reason, audit_by, audit_time, erp_order_no, wms_order_no, error_msg, wms_enabled, create_time, update_time
<==        Row: 2097251740637327362, TL20260908171234628, 6849, LB202604035, 叶军营, null, 2, LB202604035, 叶军营, 6, 其他, 30, 1, null, 叶军营, 2026-09-09 08:09:32.2836687, null, null, null, 0, 2026-09-08 17:12:34.6280506, 2026-09-09 08:09:32.3668832
<==      Total: 1
Closing non transactional SqlSession [org.apache.ibatis.session.defaults.DefaultSqlSession@49c3b2]
2026-09-09T08:09:32.478+08:00  INFO 36704 --- [eb-service-task] [nio-8081-exec-8] c.e.brain.task.service.KingdeeService    : [Kingdee] View(PRD_MO) 响应: {"Result":{"ResponseStatus":{"IsSuccess":true},"Result":{"Id":1001537,"FFormId":"PRD_MO","BillNo":"WORK26071390510A","DocumentStatus":"C","ApproverId_Id":2090549,"ApproverId":{"Id":2090549,"Name":"叶军营","UserAccount":"叶军营"},"ApproveDate":"2026-09-08T17:08:40.057","ModifierId_Id":1754824,"ModifierId":{"Id":1754824,"Name":"付冰冰","UserAccount":"付冰冰"},"CreateDate":"2026-07-09T14:42:39.35","CreatorId_Id":1754824,"CreatorId":{"Id":1754824,"Name":"付冰冰","UserAccount":"付冰冰"},"ModifyDate":"2026-07-09T14:42:39.35","CancelDate":null,"CANCELER_Id":0,"CANCELER":null,"CancelStatus":"A","MultiLanguageText":[],"Description":[],"BillType_Id":"123f39178eb2424c8449f992e1fff1ee","BillType":{"Id":"123f39178eb2424c8449f992e1fff1ee","MultiLanguageText":[{"PkId":"80d58fa1ed7c46d1a985545696e0e914","LocaleId":2052,"Name":"汇报入库-量产工单"}],"Name":[{"Key":2052,"Value":"汇报入库-量产工单"}],"Number":"SCDD01_SYS"},"Trustteed":false,"WorkShopID_Id":0,"WorkShopID":null,"PrdOrgId_Id":1,"PrdOrgId":{"Id":1,"MultiLanguageText":[{"PkId":1,"LocaleId":2052,"Name":"华丽电器制造有限公司-华丽厂区"},{"PkId":100001,"LocaleId":1033,"Name":" "},{"PkId":100002,"LocaleId":3076,"Name":" "}],"Name":[{"Key":2052,"Value":"华丽电器制造有限公司-华丽厂区"},{"Key":1033,"Value":" "},{"Key":3076,"Value":" "}],"Number":"100"},"PlannerID_Id":243436,"PlannerID":{"Id":243436,"msterID":243436,"MultiLanguageText":[{"PkId":100024,"LocaleId":2052,"Name":"汤苏芬"}],"Name":[{"Key":2052,"Value":"汤苏芬"}],"Number":"HL201209016","DEPTID_Id":231820,"DEPTID":{"Id":231820,"msterID":231820,"Number":"1007","MultiLanguageText":[{"PkId":100037,"LocaleId":2052,"Name":"计划部"}],"Name":[{"Key":2052,"Value":"计划部"}]},"BD_PLANNERENTRY":[]},"Date":"2026-07-09T00:00:00","OwnerTypeId":"BD_OwnerOrg","OwnerId_Id":1,"OwnerId":{"Id":1,"msterID":1,"MultiLanguageText":[{"PkId":1,"LocaleId":2052,"Name":"华丽电器制造有限公司-华丽厂区"},{"PkId":100001,"LocaleId":1033,"Name":" "},{"PkId":100002,"LocaleId":3076,"Name":" "}],"Name":[{"Key":2052,"Value":"华丽电器制造有限公司-华丽厂区"},{"Key":1033,"Value":" "},{"Key":3076,"Value":" "}],"Num...(truncated)
2026-09-09T08:09:33.127+08:00  INFO 36704 --- [eb-service-task] [nio-8081-exec-8] c.e.brain.task.service.KingdeeService    : [Kingdee] ExecuteBillQuery(PRD_PPBOM) 响应: [["WORK26071390510A","6270424001","AG2401无刷电机转子轴 (轴胚)5325","AG2401",30.0000000000,"zhi2","支",0.0]]
2026-09-09T08:09:35.491+08:00  INFO 36704 --- [eb-service-task] [nio-8081-exec-8] c.e.brain.task.service.KingdeeService    : [Kingdee] Save(PRD_ReturnMtrl) 响应: {"Result":{"ResponseStatus":{"IsSuccess":true,"Errors":[],"SuccessEntitys":[{"Id":105736,"Number":"SCTL00005532","DIndex":0}],"SuccessMessages":[],"MsgCode":0},"Id":105736,"Number":"SCTL00005532","NeedReturnData":[{"FID":105736,"FBillNo":"SCTL00005532"}]}}
2026-09-09T08:09:35.553+08:00  INFO 36704 --- [eb-service-task] [nio-8081-exec-8] c.e.brain.task.service.KingdeeService    : [Kingdee] Submit(PRD_ReturnMtrl,SCTL00005532) 响应: {"Result":{"ResponseStatus":{"IsSuccess":true,"Errors":[],"SuccessEntitys":[{"Id":105736,"Number":"SCTL00005532","DIndex":0}],"SuccessMessages":[],"MsgCode":0}}}
2026-09-09T08:09:35.891+08:00  INFO 36704 --- [eb-service-task] [nio-8081-exec-8] c.e.brain.task.service.KingdeeService    : [Kingdee] Audit(PRD_ReturnMtrl,SCTL00005532) 响应: {"Result":{"ResponseStatus":{"IsSuccess":true,"Errors":[],"SuccessEntitys":[{"Id":105736,"Number":"SCTL00005532","DIndex":0}],"SuccessMessages":[],"MsgCode":0}}}
Creating a new SqlSession
SqlSession [org.apache.ibatis.session.defaults.DefaultSqlSession@3a3f70a9] was not registered for synchronization because synchronization is not active
JDBC Connection [com.alibaba.druid.pool.DruidStatementConnection@407386e] will not be managed by Spring
==>  Preparing: UPDATE DB_MATERIAL_CALL SET status=?,update_time=?,erp_order_no=?,error_msg=? WHERE (id = ? AND status = ?)
==> Parameters: 40(Integer), 2026-09-09T08:09:35.894412700(LocalDateTime), SCTL00005532(String), null, 2097251740637327362(String), 30(Integer)
<==    Updates: 1
Closing non transactional SqlSession [org.apache.ibatis.session.defaults.DefaultSqlSession@3a3f70a9]
2026-09-09T08:09:35.901+08:00  INFO 36704 --- [eb-service-task] [nio-8081-exec-8] c.e.b.t.service.MaterialMessageService   : [MaterialMsg] scene=audit-pass receiver=叶军营 content=补退料申请 TL20260908171234628 已审核通过

金蝶退料单号：SCTL00005532
2026-09-09T08:09:35.901+08:00  INFO 36704 --- [eb-service-task] [nio-8081-exec-8] c.e.b.t.service.MaterialMessageService   : [MaterialMsg] 钉钉未配置webhook，消息已降级为日志记录
Creating a new SqlSession
SqlSession [org.apache.ibatis.session.defaults.DefaultSqlSession@e33b8a0] was not registered for synchronization because synchronization is not active
JDBC Connection [com.alibaba.druid.pool.DruidStatementConnection@407386e] will not be managed by Spring
==>  Preparing: SELECT id,call_no,applicant_id,applicant_code,applicant_name,applicant_dept,qc_staff_id,qc_staff_code,qc_staff_name,reason_id,reason_text,status,return_type,reject_reason,audit_by,audit_time,erp_order_no,wms_order_no,error_msg,wms_enabled,create_time,update_time FROM DB_MATERIAL_CALL WHERE id=?
==> Parameters: 2097251740637327362(String)
<==    Columns: id, call_no, applicant_id, applicant_code, applicant_name, applicant_dept, qc_staff_id, qc_staff_code, qc_staff_name, reason_id, reason_text, status, return_type, reject_reason, audit_by, audit_time, erp_order_no, wms_order_no, error_msg, wms_enabled, create_time, update_time
<==        Row: 2097251740637327362, TL20260908171234628, 6849, LB202604035, 叶军营, null, 2, LB202604035, 叶军营, 6, 其他, 40, 1, null, 叶军营, 2026-09-09 08:09:32.2836687, SCTL00005532, null, null, 0, 2026-09-08 17:12:34.6280506, 2026-09-09 08:09:35.8944127
<==      Total: 1
Closing non transactional SqlSession [org.apache.ibatis.session.defaults.DefaultSqlSession@e33b8a0]
Creating a new SqlSession
SqlSession [org.apache.ibatis.session.defaults.DefaultSqlSession@70b3e788] was not registered for synchronization because synchronization is not active
JDBC Connection [com.alibaba.druid.pool.DruidStatementConnection@407386e] will not be managed by Spring
==>  Preparing: select * from DB_MATERIAL_CALL_BATCH where CALL_ID = ? order by MATERIAL_CODE, CREATE_TIME
==> Parameters: 2097251740637327362(String)
<==    Columns: ID, CALL_ID, CALL_ITEM_ID, MATERIAL_CODE, BATCH_NO, LOCATION_CODE, WAREHOUSE, QTY, WMS_FLAG, RESERVED, CREATE_TIME, WAREHOUSE_CODE, STOCK_ORG
<==        Row: 2097477468343533569, 2097251740637327362, 2097251740792516609, 6270424001, 20260706, null, 电机转子轴仓, 30.00, 0, 1, 2026-09-09 08:09:32.3588838, 0013, 100
<==      Total: 1
Closing non transactional SqlSession [org.apache.ibatis.session.defaults.DefaultSqlSession@70b3e788]
Creating a new SqlSession
SqlSession [org.apache.ibatis.session.defaults.DefaultSqlSession@31487b0f] was not registered for synchronization because synchronization is not active
JDBC Connection [com.alibaba.druid.pool.DruidStatementConnection@407386e] will not be managed by Spring
==>  Preparing: UPDATE DB_MATERIAL_CALL SET status=?,update_time=? WHERE (id = ? AND status = ?)
==> Parameters: 99(Integer), 2026-09-09T08:09:35.915029500(LocalDateTime), 2097251740637327362(String), 40(Integer)
<==    Updates: 1
Closing non transactional SqlSession [org.apache.ibatis.session.defaults.DefaultSqlSession@31487b0f]
Creating a new SqlSession
SqlSession [org.apache.ibatis.session.defaults.DefaultSqlSession@6f1e086b] was not registered for synchronization because synchronization is not active
JDBC Connection [com.alibaba.druid.pool.DruidStatementConnection@407386e] will not be managed by Spring
==>  Preparing: select * from DB_MATERIAL_CALL where STATUS = 10 and (QC_STAFF_ID = ? or QC_STAFF_CODE = ? or QC_STAFF_NAME = ?) order by CREATE_TIME asc
==> Parameters: LB202604035(String), LB202604035(String), LB202604035(String)
<==      Total: 0
Closing non transactional SqlSession [org.apache.ibatis.session.defaults.DefaultSqlSession@6f1e086b]
Creating a new SqlSession
SqlSession [org.apache.ibatis.session.defaults.DefaultSqlSession@683ca8bc] was not registered for synchronization because synchronization is not active
JDBC Connection [com.alibaba.druid.pool.DruidStatementConnection@407386e] will not be managed by Spring
==>  Preparing: select * from DB_MATERIAL_CALL where STATUS = 10 order by CREATE_TIME asc
==> Parameters: 
<==      Total: 0
Closing non transactional SqlSession [org.apache.ibatis.session.defaults.DefaultSqlSession@683ca8bc]
