Listening for transport dt_socket at address: 5005

  .   ____          _            __ _ _
 /\\ / ___'_ __ _ _(_)_ __  __ _ \ \ \ \
( ( )\___ | '_ | '_| | '_ \/ _` | \ \ \ \
 \\/  ___)| |_)| | | | | || (_| |  ) ) ) )
  '  |____| .__|_| |_|_| |_\__, | / / / /
 =========|_|==============|___/=/_/_/_/
 :: Spring Boot ::                (v3.2.5)

2026-08-20T09:17:37.945+08:00  INFO 30692 --- [eb-service-task] [           main] c.e.brain.task.TaskServiceApplication    : Starting TaskServiceApplication v1.0.0 using Java 17.0.20.1 with PID 30692 (E:\叶的共享文件\Platform\backend\eb-service-task\target\eb-service-task-1.0.0.jar started by Administrator in E:\叶的共享文件\Platform)
2026-08-20T09:17:37.957+08:00  INFO 30692 --- [eb-service-task] [           main] c.e.brain.task.TaskServiceApplication    : The following 1 profile is active: "dev"
2026-08-20T09:17:41.709+08:00  INFO 30692 --- [eb-service-task] [           main] .s.d.r.c.RepositoryConfigurationDelegate : Multiple Spring Data modules found, entering strict repository configuration mode
2026-08-20T09:17:41.717+08:00  INFO 30692 --- [eb-service-task] [           main] .s.d.r.c.RepositoryConfigurationDelegate : Bootstrapping Spring Data Redis repositories in DEFAULT mode.
2026-08-20T09:17:41.763+08:00  INFO 30692 --- [eb-service-task] [           main] .s.d.r.c.RepositoryConfigurationDelegate : Finished Spring Data repository scanning in 18 ms. Found 0 Redis repository interfaces.
2026-08-20T09:17:42.363+08:00  INFO 30692 --- [eb-service-task] [           main] o.s.cloud.context.scope.GenericScope     : BeanFactory id=53f11812-c0b3-3714-8b30-007d473463fb
2026-08-20T09:17:44.623+08:00  INFO 30692 --- [eb-service-task] [           main] o.s.b.w.embedded.tomcat.TomcatWebServer  : Tomcat initialized with port 8081 (http)
2026-08-20T09:17:44.647+08:00  INFO 30692 --- [eb-service-task] [           main] o.apache.catalina.core.StandardService   : Starting service [Tomcat]
2026-08-20T09:17:44.648+08:00  INFO 30692 --- [eb-service-task] [           main] o.apache.catalina.core.StandardEngine    : Starting Servlet engine: [Apache Tomcat/10.1.20]
2026-08-20T09:17:44.730+08:00  INFO 30692 --- [eb-service-task] [           main] o.a.c.c.C.[Tomcat].[localhost].[/]       : Initializing Spring embedded WebApplicationContext
2026-08-20T09:17:44.735+08:00  INFO 30692 --- [eb-service-task] [           main] w.s.c.ServletWebServerApplicationContext : Root WebApplicationContext: initialization completed in 6369 ms
2026-08-20T09:17:45.960+08:00  INFO 30692 --- [eb-service-task] [           main] c.a.d.s.b.a.DruidDataSourceAutoConfigure : Init DruidDataSource
2026-08-20T09:17:47.112+08:00  INFO 30692 --- [eb-service-task] [           main] com.alibaba.druid.pool.DruidDataSource   : {dataSource-1} inited
Logging initialized using 'class org.apache.ibatis.logging.stdout.StdOutImpl' adapter.
Initialization Sequence datacenterId:2 workerId:0
 _ _   |_  _ _|_. ___ _ |    _ 
| | |\/|_)(_| | |_\  |_)||_|_\ 
     /               |         
                        3.5.5 
2026-08-20T09:17:49.378+08:00  INFO 30692 --- [eb-service-task] [           main] o.s.b.w.embedded.tomcat.TomcatWebServer  : Tomcat started on port 8081 (http) with context path ''
2026-08-20T09:17:49.896+08:00  INFO 30692 --- [eb-service-task] [           main] o.s.b.a.e.web.EndpointLinksResolver      : Exposing 1 endpoint(s) beneath base path '/actuator'
2026-08-20T09:17:49.939+08:00  INFO 30692 --- [eb-service-task] [           main] c.e.brain.task.TaskServiceApplication    : Started TaskServiceApplication in 13.425 seconds (process running for 14.364)
