
  .   ____          _            __ _ _
 /\\ / ___'_ __ _ _(_)_ __  __ _ \ \ \ \
( ( )\___ | '_ | '_| | '_ \/ _` | \ \ \ \
 \\/  ___)| |_)| | | | | || (_| |  ) ) ) )
  '  |____| .__|_| |_|_| |_\__, | / / / /
 =========|_|==============|___/=/_/_/_/
 :: Spring Boot ::                (v3.2.5)

2026-09-09T13:41:07.533+08:00  INFO 24232 --- [eb-service-task] [           main] c.e.brain.task.TaskServiceApplication    : Starting TaskServiceApplication v1.0.0 using Java 17.0.20.1 with PID 24232 (E:\叶的共享文件\Platform\backend\eb-service-task\target\eb-service-task-1.0.0.jar started by Administrator in E:\叶的共享文件\Platform)
2026-09-09T13:41:07.545+08:00  INFO 24232 --- [eb-service-task] [           main] c.e.brain.task.TaskServiceApplication    : The following 1 profile is active: "dev"
2026-09-09T13:41:09.532+08:00  INFO 24232 --- [eb-service-task] [           main] .s.d.r.c.RepositoryConfigurationDelegate : Multiple Spring Data modules found, entering strict repository configuration mode
2026-09-09T13:41:09.535+08:00  INFO 24232 --- [eb-service-task] [           main] .s.d.r.c.RepositoryConfigurationDelegate : Bootstrapping Spring Data Redis repositories in DEFAULT mode.
2026-09-09T13:41:09.565+08:00  INFO 24232 --- [eb-service-task] [           main] .s.d.r.c.RepositoryConfigurationDelegate : Finished Spring Data repository scanning in 15 ms. Found 0 Redis repository interfaces.
2026-09-09T13:41:09.753+08:00  INFO 24232 --- [eb-service-task] [           main] o.s.cloud.context.scope.GenericScope     : BeanFactory id=9884e1de-c2a0-3ae3-ba56-4dd151c19cd0
2026-09-09T13:41:10.616+08:00  INFO 24232 --- [eb-service-task] [           main] o.s.b.w.embedded.tomcat.TomcatWebServer  : Tomcat initialized with port 8081 (http)
2026-09-09T13:41:10.634+08:00  INFO 24232 --- [eb-service-task] [           main] o.apache.catalina.core.StandardService   : Starting service [Tomcat]
2026-09-09T13:41:10.635+08:00  INFO 24232 --- [eb-service-task] [           main] o.apache.catalina.core.StandardEngine    : Starting Servlet engine: [Apache Tomcat/10.1.20]
2026-09-09T13:41:10.680+08:00  INFO 24232 --- [eb-service-task] [           main] o.a.c.c.C.[Tomcat].[localhost].[/]       : Initializing Spring embedded WebApplicationContext
2026-09-09T13:41:10.682+08:00  INFO 24232 --- [eb-service-task] [           main] w.s.c.ServletWebServerApplicationContext : Root WebApplicationContext: initialization completed in 3010 ms
2026-09-09T13:41:11.283+08:00  INFO 24232 --- [eb-service-task] [           main] c.a.d.s.b.a.DruidDataSourceAutoConfigure : Init DruidDataSource
2026-09-09T13:41:11.847+08:00  INFO 24232 --- [eb-service-task] [           main] com.alibaba.druid.pool.DruidDataSource   : {dataSource-1} inited
Logging initialized using 'class org.apache.ibatis.logging.stdout.StdOutImpl' adapter.
Initialization Sequence datacenterId:0 workerId:31
 _ _   |_  _ _|_. ___ _ |    _ 
| | |\/|_)(_| | |_\  |_)||_|_\ 
     /               |         
                        3.5.5 
2026-09-09T13:41:13.349+08:00  INFO 24232 --- [eb-service-task] [           main] o.s.b.w.embedded.tomcat.TomcatWebServer  : Tomcat started on port 8081 (http) with context path ''
2026-09-09T13:41:14.437+08:00  INFO 24232 --- [eb-service-task] [           main] o.s.cloud.commons.util.InetUtils         : Cannot determine local hostname
2026-09-09T13:41:14.711+08:00  INFO 24232 --- [eb-service-task] [           main] o.s.b.a.e.web.EndpointLinksResolver      : Exposing 1 endpoint(s) beneath base path '/actuator'
2026-09-09T13:41:14.727+08:00  INFO 24232 --- [eb-service-task] [           main] c.e.brain.task.TaskServiceApplication    : Started TaskServiceApplication in 8.905 seconds (process running for 9.416)
2026-09-09T13:41:41.980+08:00  INFO 24232 --- [eb-service-task] [nio-8081-exec-4] o.a.c.c.C.[Tomcat].[localhost].[/]       : Initializing Spring DispatcherServlet 'dispatcherServlet'
2026-09-09T13:41:41.981+08:00  INFO 24232 --- [eb-service-task] [nio-8081-exec-4] o.s.web.servlet.DispatcherServlet        : Initializing Servlet 'dispatcherServlet'
2026-09-09T13:41:42.091+08:00  INFO 24232 --- [eb-service-task] [nio-8081-exec-4] o.s.web.servlet.DispatcherServlet        : Completed initialization in 109 ms
2026-09-09T13:41:42.939+08:00  INFO 24232 --- [eb-service-task] [nio-8081-exec-4] c.e.brain.task.service.KingdeeService    : [Kingdee] 登录响应: {"Message":"用户密码在931天后到期，需要现在修改密码？","MessageCode":"CheckPasswordPolicy","LoginResultType":1,"Context":{"UserLocale":"zh-CN","LogLocale":"zh-CN","DBid":"6a4f210a7a84ea","DatabaseType":3,"SessionId":"nbk3au044e2z2hljeu12cu53","UseLanguages":[{"LocaleId":2052,"LocaleName":"中文(简体)","Alias":"CN","LicenseType":0}],"UserId":2090549,"UserName":"叶军营","CustomName":"华丽电器制造有限公司","DisplayVersion":"9.0.434.12","DataCenterName":"货主测试","UserToken":"24b83260-c610-45d2-b1af-471b3ed7fa5a","CurrentOrganizationInfo"...(truncated)
2026-09-09T13:41:42.952+08:00  INFO 24232 --- [eb-service-task] [nio-8081-exec-4] c.e.brain.task.service.KingdeeService    : [Kingdee] 登录成功 kdservice-sessionid=edc7e38b-0683-4bdc-a970-343db28a6b89 ASP.NET_SessionId=nbk3au044e2z2hljeu12cu53
2026-09-09T13:41:43.023+08:00  INFO 24232 --- [eb-service-task] [nio-8081-exec-4] c.e.brain.task.service.KingdeeService    : [Kingdee] ExecuteBillQuery(PRD_MO) 响应: [["WORK26071390517A","2026-07-09T00:00:00","2026-07-20T00:00:00",90.0000000000,90.0000000000,"4","5680031001","1029S一次成型转子（110/120V）宝钢","102",1001545]]
2026-09-09T13:41:43.408+08:00  INFO 24232 --- [eb-service-task] [nio-8081-exec-4] c.e.brain.task.service.KingdeeService    : [Kingdee] ExecuteBillQuery(PRD_PPBOM) 响应: [[1006154,"PPBOM00896056","WORK26071390517A","5690011001","1029一次成型/加工（宝钢)","1029",91.0000000000,"zhi2","支",0.0],[1006154,"PPBOM00896056","WORK26071390517A","6570007001","换向器DG-452Dφ23.2*φ10*24P（钩型）","1009",91.0000000000,"zhi1","只",0.0],[1006154,"PPBOM00896056","WORK26071390517A","9150013022","自动槽纸（卷） δ0.25*15.8/NMN-利高","1029（750W）、1029S、1009、1012、1059、525B、529、3703、1001、1001N",0.3556800000,"kg","千克",0.0],[1006154,"PPBOM00896056","WORK26071390517A","9060016001","QZ-2/200-Φ0.51线（耐温等级200度）"," ",6....(truncated)
2026-09-09T13:41:43.563+08:00  INFO 24232 --- [eb-service-task] [nio-8081-exec-4] c.e.brain.task.service.KingdeeService    : [Kingdee] ExecuteBillQuery(STK_Inventory) 响应: [["6500008001","100","20260207","0027","转子成型仓",8400.0000000000],["6400055001","102","20260522","005.004","LB电机仓库",4000.0000000000],["6400055001","102","20260528","005.004","LB电机仓库",2000.0000000000],["5690011001","102","20260530","005.004","LB电机仓库",326.0000000000],["9060016001","100","20260601","0006","电机仓库",610.5000000000],["5690011001","102","20260601","005.004","LB电机仓库",198.0000000000],["9060016001","100","20260603","0006","电机仓库",665.6000000000],["9060016001","100","20260606","0006","电机仓库",677...(truncated)
2026-09-09T13:47:14.208+08:00  INFO 24232 --- [eb-service-task] [nio-8081-exec-2] c.e.brain.task.service.KingdeeService    : [Kingdee] ExecuteBillQuery(PRD_MO) 响应: [["WORK26071390517A","2026-07-09T00:00:00","2026-07-20T00:00:00",90.0000000000,90.0000000000,"4","5680031001","1029S一次成型转子（110/120V）宝钢","102",1001545]]
